stdout = '''
let format : _ = {
    seg_count_x2 <- u16be,
    let seg_count : U16 = u16_div seg_count_x2 2,
    start_code <- array16 seg_count u16be,
    id_delta <- array16 seg_count s16be,
};
let _ : fun (_ : {
    seg_count_x2 : U16,
    seg_count : U16,
    start_code : Array16 seg_count U16,
    id_delta : Array16 seg_count S16,
}) -> {
    seg_count_x2 : U16,
    seg_count : U16,
    start_code : Array16 seg_count U16,
    id_delta : Array16 seg_count S16,
} = fun x => x;
let format : _ = { let x : U32 = 256 };
let _ : fun (_ : { x : U32 }) -> { x : U32 } = fun x => x;
{} : {}
'''
stderr = ''
