stdout = '''
let format = {
    seg_count_x2 <- u16be,
    let seg_count : U16 = seg_count_x2 / (2 : U16),
    start_code <- repeat_len16 seg_count u16be,
    id_delta <- repeat_len16 seg_count s16be,
};
let _ = fun (x : {
    seg_count_x2 : U16,
    seg_count : U16,
    start_code : Array16 seg_count U16,
    id_delta : Array16 seg_count S16,
}) => x;
let format = { let x : U32 = 256 };
let _ = fun (x : { x : U32 }) => x;
() : ()
'''
stderr = ''
