stdout = ''
stderr = '''
error: conditional format failed
   ┌─ formats/edid.fathom:18:26
   │
18 │     magic <- u64le where u64_eq magic 0x00ffffffffffff00,
   │                          ^^^^^^^^^^^^^^^^^^^^^^^^^^^^^^^
   │
   = The predicate on a conditional format did not succeed.
   = failed value: 18374686479671623935

'''
