Unop(
    Span {
        lo: BytePos(9),
        hi: BytePos(28)
    },
    Not,
    Binop(
        Span {
            lo: BytePos(12),
            hi: BytePos(26)
        },
        Or,
        Var(
            Span {
                lo: BytePos(12),
                hi: BytePos(16)
            },
            Free("true")
        ),
        Var(
            Span {
                lo: BytePos(20),
                hi: BytePos(25)
            },
            Free("false")
        )
    )
)
