stdout = '''
let unit : {} : Type = {};
let paren : Bool = false;
let single : { _0 : Bool } = { _0 = false };
let pair : { _0 : Bool, _1 : Bool } = { _0 = false, _1 = true };
let triple : { _0 : Bool, _1 : Bool, _2 : Bool } = {
    _0 = false,
    _1 = true,
    _2 = false,
};
{} : {}
'''
stderr = ''
