Ok(
    Binop(
        Span {
            lo: BytePos(0),
            hi: BytePos(17)
        },
        Add,
        Var(
            Span {
                lo: BytePos(0),
                hi: BytePos(1)
            },
            "x"
        ),
        Binop(
            Span {
                lo: BytePos(4),
                hi: BytePos(17)
            },
            Add,
            Var(
                Span {
                    lo: BytePos(4),
                    hi: BytePos(5)
                },
                "y"
            ),
            Binop(
                Span {
                    lo: BytePos(8),
                    hi: BytePos(17)
                },
                Sub,
                Var(
                    Span {
                        lo: BytePos(8),
                        hi: BytePos(9)
                    },
                    "z"
                ),
                Binop(
                    Span {
                        lo: BytePos(12),
                        hi: BytePos(17)
                    },
                    Add,
                    Var(
                        Span {
                            lo: BytePos(12),
                            hi: BytePos(13)
                        },
                        "z"
                    ),
                    Var(
                        Span {
                            lo: BytePos(16),
                            hi: BytePos(17)
                        },
                        "x"
                    )
                )
            )
        )
    )
)
