Cond(
    Named("x", Cond(
        Named("x", Struct(
            [
                Field {
                    name: "x",
                    value: Cond(
                        Named("x", Var(
                            Free("u32")
                        
                        )),
                        Binop(
                            Eq,
                            Var(
                                Bound(Named("x", 0))
                            
                            ),
                            Const(
                                Int(3)
                            )
                        )
                    )
                }
            ]
        )),
        Binop(
            Eq,
            Var(
                Bound(Named("x", 0))
            
            ),
            Const(
                Int(2)
            )
        )
    )),
    Binop(
        Eq,
        Var(
            Bound(Named("x", 0))
        
        ),
        Const(
            Int(1)
        )
    )
)
