SpannedExpr {
    span: Span {
        lo: BytePos(0),
        hi: BytePos(25)
    },
    inner: Binop(
        Mul,
        SpannedExpr {
            span: Span {
                lo: BytePos(0),
                hi: BytePos(7)
            },
            inner: Binop(
                Add,
                SpannedExpr {
                    span: Span {
                        lo: BytePos(1),
                        hi: BytePos(2)
                    },
                    inner: Var(
                        Free("x")
                    
                    )
                },
                SpannedExpr {
                    span: Span {
                        lo: BytePos(5),
                        hi: BytePos(6)
                    },
                    inner: Var(
                        Free("y")
                    
                    )
                }
            )
        },
        SpannedExpr {
            span: Span {
                lo: BytePos(10),
                hi: BytePos(25)
            },
            inner: Binop(
                Div,
                SpannedExpr {
                    span: Span {
                        lo: BytePos(10),
                        hi: BytePos(11)
                    },
                    inner: Var(
                        Free("z")
                    
                    )
                },
                SpannedExpr {
                    span: Span {
                        lo: BytePos(14),
                        hi: BytePos(25)
                    },
                    inner: Binop(
                        Mul,
                        SpannedExpr {
                            span: Span {
                                lo: BytePos(14),
                                hi: BytePos(21)
                            },
                            inner: Binop(
                                Sub,
                                SpannedExpr {
                                    span: Span {
                                        lo: BytePos(15),
                                        hi: BytePos(16)
                                    },
                                    inner: Var(
                                        Free("z")
                                    
                                    )
                                },
                                SpannedExpr {
                                    span: Span {
                                        lo: BytePos(19),
                                        hi: BytePos(20)
                                    },
                                    inner: Var(
                                        Free("x")
                                    
                                    )
                                }
                            )
                        },
                        SpannedExpr {
                            span: Span {
                                lo: BytePos(24),
                                hi: BytePos(25)
                            },
                            inner: Var(
                                Free("a")
                            
                            )
                        }
                    )
                }
            )
        }
    )
}
