SpannedExpr {
    span: Span {
        lo: BytePos(0),
        hi: BytePos(17)
    },
    inner: Binop(
        Add,
        SpannedExpr {
            span: Span {
                lo: BytePos(0),
                hi: BytePos(1)
            },
            inner: Var(
                Free("x")
            
            )
        },
        SpannedExpr {
            span: Span {
                lo: BytePos(4),
                hi: BytePos(17)
            },
            inner: Binop(
                Add,
                SpannedExpr {
                    span: Span {
                        lo: BytePos(4),
                        hi: BytePos(5)
                    },
                    inner: Var(
                        Free("y")
                    
                    )
                },
                SpannedExpr {
                    span: Span {
                        lo: BytePos(8),
                        hi: BytePos(17)
                    },
                    inner: Binop(
                        Sub,
                        SpannedExpr {
                            span: Span {
                                lo: BytePos(8),
                                hi: BytePos(9)
                            },
                            inner: Var(
                                Free("z")
                            
                            )
                        },
                        SpannedExpr {
                            span: Span {
                                lo: BytePos(12),
                                hi: BytePos(17)
                            },
                            inner: Binop(
                                Add,
                                SpannedExpr {
                                    span: Span {
                                        lo: BytePos(12),
                                        hi: BytePos(13)
                                    },
                                    inner: Var(
                                        Free("z")
                                    
                                    )
                                },
                                SpannedExpr {
                                    span: Span {
                                        lo: BytePos(16),
                                        hi: BytePos(17)
                                    },
                                    inner: Var(
                                        Free("x")
                                    
                                    )
                                }
                            )
                        }
                    )
                }
            )
        }
    )
}
