Binop(
    Span {
        lo: BytePos(9),
        hi: BytePos(43)
    },
    Or,
    Binop(
        Span {
            lo: BytePos(10),
            hi: BytePos(23)
        },
        And,
        Var(
            Span {
                lo: BytePos(10),
                hi: BytePos(14)
            },
            Free(Ident("true"))
        ),
        Var(
            Span {
                lo: BytePos(18),
                hi: BytePos(23)
            },
            Free(Ident("false"))
        )
    ),
    Binop(
        Span {
            lo: BytePos(29),
            hi: BytePos(42)
        },
        Or,
        Var(
            Span {
                lo: BytePos(29),
                hi: BytePos(33)
            },
            Free(Ident("true"))
        ),
        Var(
            Span {
                lo: BytePos(37),
                hi: BytePos(42)
            },
            Free(Ident("false"))
        )
    )
)
