Unop(
    Span {
        lo: BytePos(9),
        hi: BytePos(29)
    },
    Not,
    Binop(
        Span {
            lo: BytePos(12),
            hi: BytePos(27)
        },
        Or,
        Var(
            Span {
                lo: BytePos(12),
                hi: BytePos(16)
            },
            Free(OwnedIdent("true"))
        ),
        Var(
            Span {
                lo: BytePos(21),
                hi: BytePos(26)
            },
            Free(OwnedIdent("false"))
        )
    )
)
