Module {
    imports: [],
    definitions: [
        Definition {
            doc: "",
            name: Ident("Point"),
            body_ty: Struct(
                Span {
                    lo: BytePos(17),
                    hi: BytePos(81)
                },
                [
                    Field {
                        doc: "",
                        name: Ident("x"),
                        value: Var(
                            Span {
                                lo: BytePos(42),
                                hi: BytePos(47)
                            },
                            Free(
                                User(
                                    Ident("u32be")
                                )
                            )
                        )
                    },
                    Field {
                        doc: "",
                        name: Ident("y"),
                        value: Var(
                            Span {
                                lo: BytePos(65),
                                hi: BytePos(70)
                            },
                            Free(
                                User(
                                    Ident("u32be")
                                )
                            )
                        )
                    }
                ]
            )
        },
        Definition {
            doc: "A doc comment\n\nWith some mor text",
            name: Ident("Array"),
            body_ty: Struct(
                Span {
                    lo: BytePos(169),
                    hi: BytePos(245)
                },
                [
                    Field {
                        doc: "",
                        name: Ident("len"),
                        value: Var(
                            Span {
                                lo: BytePos(196),
                                hi: BytePos(201)
                            },
                            Free(
                                User(
                                    Ident("u16le")
                                )
                            )
                        )
                    },
                    Field {
                        doc: "",
                        name: Ident("data"),
                        value: Array(
                            Span {
                                lo: BytePos(222),
                                hi: BytePos(234)
                            },
                            Var(
                                Span {
                                    lo: BytePos(223),
                                    hi: BytePos(228)
                                },
                                Bound(
                                    Named(
                                        User(
                                            Ident("Point")
                                        ),
                                        BoundVar(1, 0)
                                    )
                                )
                            ),
                            Var(
                                Span {
                                    lo: BytePos(230),
                                    hi: BytePos(233)
                                },
                                Bound(
                                    Named(
                                        User(
                                            Ident("len")
                                        ),
                                        BoundVar(0, 0)
                                    )
                                )
                            )
                        )
                    }
                ]
            )
        },
        Definition {
            doc: "",
            name: Ident("Formats"),
            body_ty: Struct(
                Span {
                    lo: BytePos(266),
                    hi: BytePos(596)
                },
                [
                    Field {
                        doc: "",
                        name: Ident("format"),
                        value: Var(
                            Span {
                                lo: BytePos(296),
                                hi: BytePos(298)
                            },
                            Free(
                                User(
                                    Ident("u8")
                                )
                            )
                        )
                    },
                    Field {
                        doc: "",
                        name: Ident("data"),
                        value: Cond(
                            Span {
                                lo: BytePos(319),
                                hi: BytePos(585)
                            },
                            [
                                Field {
                                    doc: "A doc comment on a union variant",
                                    name: Ident("u16"),
                                    value: (
                                        Inf(
                                            Binop(
                                                Span {
                                                    lo: BytePos(401),
                                                    hi: BytePos(417)
                                                },
                                                Eq,
                                                Var(
                                                    Span {
                                                        lo: BytePos(401),
                                                        hi: BytePos(407)
                                                    },
                                                    Bound(
                                                        Named(
                                                            User(
                                                                Ident("format")
                                                            ),
                                                            BoundVar(0, 0)
                                                        )
                                                    )
                                                ),
                                                Const(
                                                    Span {
                                                        lo: BytePos(411),
                                                        hi: BytePos(417)
                                                    },
                                                    Int(0, Unsigned(U8))
                                                )
                                            )
                                        ),
                                        Var(
                                            Span {
                                                lo: BytePos(421),
                                                hi: BytePos(424)
                                            },
                                            Free(
                                                User(
                                                    Ident("u16")
                                                )
                                            )
                                        )
                                    )
                                },
                                Field {
                                    doc: "",
                                    name: Ident("point"),
                                    value: (
                                        Inf(
                                            Binop(
                                                Span {
                                                    lo: BytePos(450),
                                                    hi: BytePos(466)
                                                },
                                                Eq,
                                                Var(
                                                    Span {
                                                        lo: BytePos(450),
                                                        hi: BytePos(456)
                                                    },
                                                    Bound(
                                                        Named(
                                                            User(
                                                                Ident("format")
                                                            ),
                                                            BoundVar(0, 0)
                                                        )
                                                    )
                                                ),
                                                Const(
                                                    Span {
                                                        lo: BytePos(460),
                                                        hi: BytePos(466)
                                                    },
                                                    Int(1, Unsigned(U8))
                                                )
                                            )
                                        ),
                                        Var(
                                            Span {
                                                lo: BytePos(470),
                                                hi: BytePos(475)
                                            },
                                            Bound(
                                                Named(
                                                    User(
                                                        Ident("Point")
                                                    ),
                                                    BoundVar(2, 0)
                                                )
                                            )
                                        )
                                    )
                                },
                                Field {
                                    doc: "And another doc comment",
                                    name: Ident("array"),
                                    value: (
                                        Inf(
                                            Binop(
                                                Span {
                                                    lo: BytePos(545),
                                                    hi: BytePos(561)
                                                },
                                                Eq,
                                                Var(
                                                    Span {
                                                        lo: BytePos(545),
                                                        hi: BytePos(551)
                                                    },
                                                    Bound(
                                                        Named(
                                                            User(
                                                                Ident("format")
                                                            ),
                                                            BoundVar(0, 0)
                                                        )
                                                    )
                                                ),
                                                Const(
                                                    Span {
                                                        lo: BytePos(555),
                                                        hi: BytePos(561)
                                                    },
                                                    Int(2, Unsigned(U8))
                                                )
                                            )
                                        ),
                                        Var(
                                            Span {
                                                lo: BytePos(565),
                                                hi: BytePos(570)
                                            },
                                            Bound(
                                                Named(
                                                    User(
                                                        Ident("Array")
                                                    ),
                                                    BoundVar(1, 0)
                                                )
                                            )
                                        )
                                    )
                                }
                            ]
                        )
                    }
                ]
            )
        }
    ]
}
