Module {
    definitions: [
        Definition {
            doc: "",
            name: OwnedIdent("Offset32"),
            body_ty: Var(
                Span {
                    lo: BytePos(20),
                    hi: BytePos(23)
                },
                Free(OwnedIdent("u32"))
            )
        }
    ]
}
