Binop(
    Span {
        lo: BytePos(0),
        hi: BytePos(9)
    },
    Div,
    Var(
        Span {
            lo: BytePos(0),
            hi: BytePos(1)
        },
        Free(Ident("x"))
    ),
    Binop(
        Span {
            lo: BytePos(4),
            hi: BytePos(9)
        },
        Div,
        Var(
            Span {
                lo: BytePos(4),
                hi: BytePos(5)
            },
            Free(Ident("y"))
        ),
        Var(
            Span {
                lo: BytePos(8),
                hi: BytePos(9)
            },
            Free(Ident("z"))
        )
    )
)
