Program {
    defs: [
        Definition {
            name: "Point",
            ty: Struct(
                Span {
                    lo: BytePos(17),
                    hi: BytePos(81)
                },
                [
                    Field {
                        name: "x",
                        value: Var(
                            Span {
                                lo: BytePos(42),
                                hi: BytePos(47)
                            },
                            Free("u32be")
                        )
                    },
                    Field {
                        name: "y",
                        value: Var(
                            Span {
                                lo: BytePos(65),
                                hi: BytePos(70)
                            },
                            Free("u32be")
                        )
                    }
                ]
            )
        },
        Definition {
            name: "Array",
            ty: Struct(
                Span {
                    lo: BytePos(100),
                    hi: BytePos(176)
                },
                [
                    Field {
                        name: "len",
                        value: Var(
                            Span {
                                lo: BytePos(127),
                                hi: BytePos(132)
                            },
                            Free("u16le")
                        )
                    },
                    Field {
                        name: "data",
                        value: Array(
                            Span {
                                lo: BytePos(153),
                                hi: BytePos(165)
                            },
                            Var(
                                Span {
                                    lo: BytePos(154),
                                    hi: BytePos(159)
                                },
                                Bound(Named("Point", BoundVar(1, 0)))
                            ),
                            Var(
                                Span {
                                    lo: BytePos(161),
                                    hi: BytePos(164)
                                },
                                Bound(Named("len", BoundVar(0, 0)))
                            )
                        )
                    }
                ]
            )
        },
        Definition {
            name: "Formats",
            ty: Union(
                Span {
                    lo: BytePos(197),
                    hi: BytePos(386)
                },
                [
                    Field {
                        name: "u16",
                        value: Struct(
                            Span {
                                lo: BytePos(223),
                                hi: BytePos(257)
                            },
                            [
                                Field {
                                    name: "format",
                                    value: Var(
                                        Span {
                                            lo: BytePos(241),
                                            hi: BytePos(244)
                                        },
                                        Free("u16")
                                    )
                                },
                                Field {
                                    name: "data",
                                    value: Var(
                                        Span {
                                            lo: BytePos(252),
                                            hi: BytePos(255)
                                        },
                                        Free("u16")
                                    )
                                }
                            ]
                        )
                    },
                    Field {
                        name: "point",
                        value: Struct(
                            Span {
                                lo: BytePos(279),
                                hi: BytePos(316)
                            },
                            [
                                Field {
                                    name: "format",
                                    value: Var(
                                        Span {
                                            lo: BytePos(297),
                                            hi: BytePos(300)
                                        },
                                        Free("u16")
                                    )
                                },
                                Field {
                                    name: "point",
                                    value: Var(
                                        Span {
                                            lo: BytePos(309),
                                            hi: BytePos(314)
                                        },
                                        Bound(Named("Point", BoundVar(2, 0)))
                                    )
                                }
                            ]
                        )
                    },
                    Field {
                        name: "array",
                        value: Struct(
                            Span {
                                lo: BytePos(338),
                                hi: BytePos(375)
                            },
                            [
                                Field {
                                    name: "format",
                                    value: Var(
                                        Span {
                                            lo: BytePos(356),
                                            hi: BytePos(359)
                                        },
                                        Free("u16")
                                    )
                                },
                                Field {
                                    name: "array",
                                    value: Var(
                                        Span {
                                            lo: BytePos(368),
                                            hi: BytePos(373)
                                        },
                                        Bound(Named("Array", BoundVar(1, 0)))
                                    )
                                }
                            ]
                        )
                    }
                ]
            )
        }
    ]
}
