Program {
    definitions: [
        Definition {
            doc: "",
            name: "Pair",
            ty: Abs(
                Span {
                    lo: BytePos(13),
                    hi: BytePos(78)
                },
                [
                    Named("T", ()),
                    Named("U", ())
                ],
                Struct(
                    Span {
                        lo: BytePos(22),
                        hi: BytePos(78)
                    },
                    [
                        Field {
                            doc: "",
                            name: "l",
                            value: Var(
                                Span {
                                    lo: BytePos(47),
                                    hi: BytePos(48)
                                },
                                Bound(Named("T", BoundVar(0, 0)))
                            )
                        },
                        Field {
                            doc: "",
                            name: "r",
                            value: Var(
                                Span {
                                    lo: BytePos(66),
                                    hi: BytePos(67)
                                },
                                Bound(Named("U", BoundVar(1, 1)))
                            )
                        }
                    ]
                )
            )
        },
        Definition {
            doc: "",
            name: "Array",
            ty: Abs(
                Span {
                    lo: BytePos(94),
                    hi: BytePos(172)
                },
                [
                    Named("T", ())
                ],
                Struct(
                    Span {
                        lo: BytePos(100),
                        hi: BytePos(172)
                    },
                    [
                        Field {
                            doc: "",
                            name: "len",
                            value: Var(
                                Span {
                                    lo: BytePos(127),
                                    hi: BytePos(132)
                                },
                                Free("u16le")
                            )
                        },
                        Field {
                            doc: "",
                            name: "data",
                            value: Array(
                                Span {
                                    lo: BytePos(153),
                                    hi: BytePos(161)
                                },
                                Var(
                                    Span {
                                        lo: BytePos(154),
                                        hi: BytePos(155)
                                    },
                                    Bound(Named("T", BoundVar(1, 0)))
                                ),
                                Var(
                                    Span {
                                        lo: BytePos(157),
                                        hi: BytePos(160)
                                    },
                                    Bound(Named("len", BoundVar(0, 0)))
                                )
                            )
                        }
                    ]
                )
            )
        },
        Definition {
            doc: "",
            name: "Data",
            ty: Abs(
                Span {
                    lo: BytePos(187),
                    hi: BytePos(277)
                },
                [
                    Named("T", ()),
                    Named("U", ()),
                    Named("V", ())
                ],
                Struct(
                    Span {
                        lo: BytePos(199),
                        hi: BytePos(277)
                    },
                    [
                        Field {
                            doc: "",
                            name: "blah",
                            value: Var(
                                Span {
                                    lo: BytePos(227),
                                    hi: BytePos(228)
                                },
                                Bound(Named("U", BoundVar(0, 1)))
                            )
                        },
                        Field {
                            doc: "",
                            name: "data",
                            value: App(
                                Span {
                                    lo: BytePos(249),
                                    hi: BytePos(266)
                                },
                                Var(
                                    Span {
                                        lo: BytePos(249),
                                        hi: BytePos(254)
                                    },
                                    Bound(Named("Array", BoundVar(2, 0)))
                                ),
                                [
                                    App(
                                        Span {
                                            lo: BytePos(255),
                                            hi: BytePos(265)
                                        },
                                        Var(
                                            Span {
                                                lo: BytePos(255),
                                                hi: BytePos(259)
                                            },
                                            Bound(Named("Pair", BoundVar(3, 0)))
                                        ),
                                        [
                                            Var(
                                                Span {
                                                    lo: BytePos(260),
                                                    hi: BytePos(261)
                                                },
                                                Bound(Named("T", BoundVar(1, 0)))
                                            ),
                                            Var(
                                                Span {
                                                    lo: BytePos(263),
                                                    hi: BytePos(264)
                                                },
                                                Bound(Named("V", BoundVar(1, 2)))
                                            )
                                        ]
                                    )
                                ]
                            )
                        }
                    ]
                )
            )
        }
    ]
}
