stdout = '''
let _ : _ = Void;
let _ : _ = Bool;
let _ : _ = U8;
let _ : _ = U16;
let _ : _ = U32;
let _ : _ = U64;
let _ : _ = S8;
let _ : _ = S16;
let _ : _ = S32;
let _ : _ = S64;
let _ : _ = F32;
let _ : _ = F64;
let _ : _ = Option;
let _ : _ = Array;
let _ : _ = Array8;
let _ : _ = Array16;
let _ : _ = Array32;
let _ : _ = Array64;
let _ : _ = Pos;
let _ : _ = Ref;
let _ : _ = 1;
let _ : _ = 1;
let _ : _ = 1;
let _ : _ = 1;
let _ : _ = 1;
let _ : _ = 1;
let _ : _ = 1;
let _ : _ = 1;
let _ : _ = 1;
let _ : _ = 1;
let _ : _ = Format;
let _ : _ = u8;
let _ : _ = u16be;
let _ : _ = u16le;
let _ : _ = u32be;
let _ : _ = u32le;
let _ : _ = u64be;
let _ : _ = u64le;
let _ : _ = s8;
let _ : _ = s16be;
let _ : _ = s16le;
let _ : _ = s32be;
let _ : _ = s32le;
let _ : _ = s64be;
let _ : _ = s64le;
let _ : _ = f32be;
let _ : _ = f32le;
let _ : _ = f64be;
let _ : _ = f64le;
let _ : _ = array8;
let _ : _ = array16;
let _ : _ = array32;
let _ : _ = array64;
let _ : _ = repeat_until_end;
let _ : _ = repeat_until_full8;
let _ : _ = repeat_until_full16;
let _ : _ = repeat_until_full32;
let _ : _ = repeat_until_full64;
let _ : _ = array8;
let _ : _ = array16;
let _ : _ = array32;
let _ : _ = array64;
let _ : _ = array8_map;
let _ : _ = array16_map;
let _ : _ = array32_map;
let _ : _ = array64_map;
let _ : _ = link;
let _ : _ = deref;
let _ : _ = stream_pos;
let _ : _ = succeed;
let _ : _ = or_succeed;
let _ : _ = fail;
let _ : _ = unwrap;
let _ : _ = Repr;
let _ : _ = bool_eq;
let _ : _ = bool_neq;
let _ : _ = bool_not;
let _ : _ = bool_and;
let _ : _ = bool_or;
let _ : _ = bool_xor;
let _ : _ = u8_eq;
let _ : _ = u8_neq;
let _ : _ = u8_gt;
let _ : _ = u8_lt;
let _ : _ = u8_gte;
let _ : _ = u8_lte;
let _ : _ = u8_add;
let _ : _ = u8_sub;
let _ : _ = u8_mul;
let _ : _ = u8_div;
let _ : _ = u8_not;
let _ : _ = u8_shl;
let _ : _ = u8_shr;
let _ : _ = u8_and;
let _ : _ = u8_or;
let _ : _ = u8_xor;
let _ : _ = u16_eq;
let _ : _ = u16_neq;
let _ : _ = u16_gt;
let _ : _ = u16_lt;
let _ : _ = u16_gte;
let _ : _ = u16_lte;
let _ : _ = u16_add;
let _ : _ = u16_sub;
let _ : _ = u16_mul;
let _ : _ = u16_div;
let _ : _ = u16_not;
let _ : _ = u16_shl;
let _ : _ = u16_shr;
let _ : _ = u16_and;
let _ : _ = u16_or;
let _ : _ = u16_xor;
let _ : _ = u16_from_u8;
let _ : _ = u32_eq;
let _ : _ = u32_neq;
let _ : _ = u32_gt;
let _ : _ = u32_lt;
let _ : _ = u32_gte;
let _ : _ = u32_lte;
let _ : _ = u32_add;
let _ : _ = u32_sub;
let _ : _ = u32_mul;
let _ : _ = u32_div;
let _ : _ = u32_not;
let _ : _ = u32_shl;
let _ : _ = u32_shr;
let _ : _ = u32_and;
let _ : _ = u32_or;
let _ : _ = u32_xor;
let _ : _ = u64_eq;
let _ : _ = u64_neq;
let _ : _ = u64_gt;
let _ : _ = u64_lt;
let _ : _ = u64_gte;
let _ : _ = u64_lte;
let _ : _ = u64_add;
let _ : _ = u64_sub;
let _ : _ = u64_mul;
let _ : _ = u64_div;
let _ : _ = u64_not;
let _ : _ = u64_shl;
let _ : _ = u64_shr;
let _ : _ = u64_and;
let _ : _ = u64_or;
let _ : _ = u64_xor;
let _ : _ = s8_eq;
let _ : _ = s8_neq;
let _ : _ = s8_gt;
let _ : _ = s8_lt;
let _ : _ = s8_gte;
let _ : _ = s8_lte;
let _ : _ = s8_neg;
let _ : _ = s8_add;
let _ : _ = s8_sub;
let _ : _ = s8_mul;
let _ : _ = s8_div;
let _ : _ = s8_abs;
let _ : _ = s8_unsigned_abs;
let _ : _ = s16_eq;
let _ : _ = s16_neq;
let _ : _ = s16_gt;
let _ : _ = s16_lt;
let _ : _ = s16_gte;
let _ : _ = s16_lte;
let _ : _ = s16_neg;
let _ : _ = s16_add;
let _ : _ = s16_sub;
let _ : _ = s16_mul;
let _ : _ = s16_div;
let _ : _ = s16_abs;
let _ : _ = s16_unsigned_abs;
let _ : _ = s32_eq;
let _ : _ = s32_neq;
let _ : _ = s32_gt;
let _ : _ = s32_lt;
let _ : _ = s32_gte;
let _ : _ = s32_lte;
let _ : _ = s32_neg;
let _ : _ = s32_add;
let _ : _ = s32_sub;
let _ : _ = s32_mul;
let _ : _ = s32_div;
let _ : _ = s32_abs;
let _ : _ = s32_unsigned_abs;
let _ : _ = s64_eq;
let _ : _ = s64_neq;
let _ : _ = s64_gt;
let _ : _ = s64_lt;
let _ : _ = s64_gte;
let _ : _ = s64_lte;
let _ : _ = s64_neg;
let _ : _ = s64_add;
let _ : _ = s64_sub;
let _ : _ = s64_mul;
let _ : _ = s64_div;
let _ : _ = s64_abs;
let _ : _ = s64_unsigned_abs;
let _ : _ = some;
let _ : _ = none;
let _ : _ = option_fold;
let _ : _ = array8_find;
let _ : _ = array16_find;
let _ : _ = array32_find;
let _ : _ = array64_find;
let _ : _ = array8_index;
let _ : _ = array16_index;
let _ : _ = array32_index;
let _ : _ = array64_index;
let _ : _ = pos_add_u8;
let _ : _ = pos_add_u16;
let _ : _ = pos_add_u32;
let _ : _ = pos_add_u64;
Type : Type
'''
stderr = ''
