Binop(
    ByteSpan {
        start: ByteIndex(1),
        end: ByteIndex(18)
    },
    Mul,
    Var(
        ByteSpan {
            start: ByteIndex(1),
            end: ByteIndex(2)
        },
        Free(
            User(
                Ident("x")
            )
        )
    ),
    Binop(
        ByteSpan {
            start: ByteIndex(5),
            end: ByteIndex(18)
        },
        Mul,
        Var(
            ByteSpan {
                start: ByteIndex(5),
                end: ByteIndex(6)
            },
            Free(
                User(
                    Ident("y")
                )
            )
        ),
        Binop(
            ByteSpan {
                start: ByteIndex(9),
                end: ByteIndex(18)
            },
            Div,
            Var(
                ByteSpan {
                    start: ByteIndex(9),
                    end: ByteIndex(10)
                },
                Free(
                    User(
                        Ident("z")
                    )
                )
            ),
            Binop(
                ByteSpan {
                    start: ByteIndex(13),
                    end: ByteIndex(18)
                },
                Mul,
                Var(
                    ByteSpan {
                        start: ByteIndex(13),
                        end: ByteIndex(14)
                    },
                    Free(
                        User(
                            Ident("z")
                        )
                    )
                ),
                Var(
                    ByteSpan {
                        start: ByteIndex(17),
                        end: ByteIndex(18)
                    },
                    Free(
                        User(
                            Ident("x")
                        )
                    )
                )
            )
        )
    )
)
