Assert(
    ByteSpan {
        start: ByteIndex(9),
        end: ByteIndex(126)
    },
    Assert(
        ByteSpan {
            start: ByteIndex(9),
            end: ByteIndex(97)
        },
        Struct(
            ByteSpan {
                start: ByteIndex(9),
                end: ByteIndex(68)
            },
            [
                Field {
                    doc: "",
                    name: Ident("x"),
                    value: Assert(
                        ByteSpan {
                            start: ByteIndex(33),
                            end: ByteIndex(57)
                        },
                        Var(
                            ByteSpan {
                                start: ByteIndex(33),
                                end: ByteIndex(36)
                            },
                            Free(
                                User(
                                    Ident("u32")
                                )
                            )
                        ),
                        Inf(
                            Lam(
                                ByteSpan {
                                    start: ByteIndex(43),
                                    end: ByteIndex(57)
                                },
                                [
                                    Named {
                                        name: User(
                                            Ident("x")
                                        ),
                                        inner: HostVar(
                                            Free(
                                                User(
                                                    Ident("u32")
                                                )
                                            )
                                        )
                                    }
                                ],
                                Binop(
                                    ByteSpan {
                                        start: ByteIndex(48),
                                        end: ByteIndex(57)
                                    },
                                    Eq,
                                    Var(
                                        ByteSpan {
                                            start: ByteIndex(48),
                                            end: ByteIndex(49)
                                        },
                                        Bound(
                                            Named {
                                                name: User(
                                                    Ident("x")
                                                ),
                                                inner: BoundVar(0, 0)
                                            }
                                        )
                                    ),
                                    Const(
                                        ByteSpan {
                                            start: ByteIndex(53),
                                            end: ByteIndex(57)
                                        },
                                        Int(3, Unsigned(U32))
                                    )
                                )
                            )
                        )
                    )
                }
            ]
        ),
        Inf(
            Lam(
                ByteSpan {
                    start: ByteIndex(83),
                    end: ByteIndex(97)
                },
                [
                    Named {
                        name: User(
                            Ident("x")
                        ),
                        inner: HostStruct(
                            [
                                Field {
                                    doc: "",
                                    name: Ident("x"),
                                    value: HostVar(
                                        Free(
                                            User(
                                                Ident("u32")
                                            )
                                        )
                                    )
                                }
                            ]
                        )
                    }
                ],
                Binop(
                    ByteSpan {
                        start: ByteIndex(88),
                        end: ByteIndex(97)
                    },
                    Eq,
                    Var(
                        ByteSpan {
                            start: ByteIndex(88),
                            end: ByteIndex(89)
                        },
                        Bound(
                            Named {
                                name: User(
                                    Ident("x")
                                ),
                                inner: BoundVar(0, 0)
                            }
                        )
                    ),
                    Const(
                        ByteSpan {
                            start: ByteIndex(93),
                            end: ByteIndex(97)
                        },
                        Int(2, Unsigned(U32))
                    )
                )
            )
        )
    ),
    Inf(
        Lam(
            ByteSpan {
                start: ByteIndex(112),
                end: ByteIndex(126)
            },
            [
                Named {
                    name: User(
                        Ident("x")
                    ),
                    inner: HostStruct(
                        [
                            Field {
                                doc: "",
                                name: Ident("x"),
                                value: HostVar(
                                    Free(
                                        User(
                                            Ident("u32")
                                        )
                                    )
                                )
                            }
                        ]
                    )
                }
            ],
            Binop(
                ByteSpan {
                    start: ByteIndex(117),
                    end: ByteIndex(126)
                },
                Eq,
                Var(
                    ByteSpan {
                        start: ByteIndex(117),
                        end: ByteIndex(118)
                    },
                    Bound(
                        Named {
                            name: User(
                                Ident("x")
                            ),
                            inner: BoundVar(0, 0)
                        }
                    )
                ),
                Const(
                    ByteSpan {
                        start: ByteIndex(122),
                        end: ByteIndex(126)
                    },
                    Int(1, Unsigned(U32))
                )
            )
        )
    )
)
