Struct(
    ByteSpan {
        start: ByteIndex(10),
        end: ByteIndex(312)
    },
    [
        Field {
            doc: "",
            name: Ident("len"),
            value: Var(
                ByteSpan {
                    start: ByteIndex(36),
                    end: ByteIndex(39)
                },
                Free(
                    User(
                        Ident("u32")
                    )
                )
            )
        },
        Field {
            doc: "",
            name: Ident("data1"),
            value: Array(
                ByteSpan {
                    start: ByteIndex(60),
                    end: ByteIndex(70)
                },
                Var(
                    ByteSpan {
                        start: ByteIndex(61),
                        end: ByteIndex(64)
                    },
                    Free(
                        User(
                            Ident("f32")
                        )
                    )
                ),
                Var(
                    ByteSpan {
                        start: ByteIndex(66),
                        end: ByteIndex(69)
                    },
                    Bound(
                        Named {
                            name: User(
                                Ident("len")
                            ),
                            inner: BoundVar(0, 0)
                        }
                    )
                )
            )
        },
        Field {
            doc: "",
            name: Ident("data2"),
            value: Struct(
                ByteSpan {
                    start: ByteIndex(91),
                    end: ByteIndex(301)
                },
                [
                    Field {
                        doc: "",
                        name: Ident("data1"),
                        value: Array(
                            ByteSpan {
                                start: ByteIndex(123),
                                end: ByteIndex(133)
                            },
                            Var(
                                ByteSpan {
                                    start: ByteIndex(124),
                                    end: ByteIndex(127)
                                },
                                Free(
                                    User(
                                        Ident("f32")
                                    )
                                )
                            ),
                            Var(
                                ByteSpan {
                                    start: ByteIndex(129),
                                    end: ByteIndex(132)
                                },
                                Bound(
                                    Named {
                                        name: User(
                                            Ident("len")
                                        ),
                                        inner: BoundVar(1, 0)
                                    }
                                )
                            )
                        )
                    },
                    Field {
                        doc: "",
                        name: Ident("len"),
                        value: Var(
                            ByteSpan {
                                start: ByteIndex(156),
                                end: ByteIndex(159)
                            },
                            Free(
                                User(
                                    Ident("u32")
                                )
                            )
                        )
                    },
                    Field {
                        doc: "Doc comment",
                        name: Ident("padding1"),
                        value: Var(
                            ByteSpan {
                                start: ByteIndex(219),
                                end: ByteIndex(221)
                            },
                            Free(
                                User(
                                    Ident("u8")
                                )
                            )
                        )
                    },
                    Field {
                        doc: "",
                        name: Ident("padding2"),
                        value: Var(
                            ByteSpan {
                                start: ByteIndex(249),
                                end: ByteIndex(251)
                            },
                            Free(
                                User(
                                    Ident("u8")
                                )
                            )
                        )
                    },
                    Field {
                        doc: "",
                        name: Ident("data2"),
                        value: Array(
                            ByteSpan {
                                start: ByteIndex(276),
                                end: ByteIndex(286)
                            },
                            Var(
                                ByteSpan {
                                    start: ByteIndex(277),
                                    end: ByteIndex(280)
                                },
                                Free(
                                    User(
                                        Ident("f32")
                                    )
                                )
                            ),
                            Var(
                                ByteSpan {
                                    start: ByteIndex(282),
                                    end: ByteIndex(285)
                                },
                                Bound(
                                    Named {
                                        name: User(
                                            Ident("len")
                                        ),
                                        inner: BoundVar(2, 0)
                                    }
                                )
                            )
                        )
                    }
                ]
            )
        }
    ]
)
