Binop(
    ByteSpan {
        start: ByteIndex(0),
        end: ByteIndex(21)
    },
    Add,
    Var(
        ByteSpan {
            start: ByteIndex(0),
            end: ByteIndex(1)
        },
        Free(
            User(
                Ident("x")
            )
        )
    ),
    Binop(
        ByteSpan {
            start: ByteIndex(4),
            end: ByteIndex(21)
        },
        Sub,
        Binop(
            ByteSpan {
                start: ByteIndex(4),
                end: ByteIndex(13)
            },
            Mul,
            Var(
                ByteSpan {
                    start: ByteIndex(4),
                    end: ByteIndex(5)
                },
                Free(
                    User(
                        Ident("y")
                    )
                )
            ),
            Binop(
                ByteSpan {
                    start: ByteIndex(8),
                    end: ByteIndex(13)
                },
                Div,
                Var(
                    ByteSpan {
                        start: ByteIndex(8),
                        end: ByteIndex(9)
                    },
                    Free(
                        User(
                            Ident("z")
                        )
                    )
                ),
                Var(
                    ByteSpan {
                        start: ByteIndex(12),
                        end: ByteIndex(13)
                    },
                    Free(
                        User(
                            Ident("z")
                        )
                    )
                )
            )
        ),
        Binop(
            ByteSpan {
                start: ByteIndex(16),
                end: ByteIndex(21)
            },
            Mul,
            Var(
                ByteSpan {
                    start: ByteIndex(16),
                    end: ByteIndex(17)
                },
                Free(
                    User(
                        Ident("x")
                    )
                )
            ),
            Var(
                ByteSpan {
                    start: ByteIndex(20),
                    end: ByteIndex(21)
                },
                Free(
                    User(
                        Ident("a")
                    )
                )
            )
        )
    )
)
