Unop(
    ByteSpan {
        start: ByteIndex(1),
        end: ByteIndex(35)
    },
    Neg,
    Subscript(
        ByteSpan {
            start: ByteIndex(2),
            end: ByteIndex(35)
        },
        Subscript(
            ByteSpan {
                start: ByteIndex(2),
                end: ByteIndex(28)
            },
            Var(
                ByteSpan {
                    start: ByteIndex(2),
                    end: ByteIndex(5)
                },
                Free(
                    User(
                        Ident("foo")
                    )
                )
            ),
            Binop(
                ByteSpan {
                    start: ByteIndex(6),
                    end: ByteIndex(27)
                },
                Add,
                Const(
                    ByteSpan {
                        start: ByteIndex(6),
                        end: ByteIndex(11)
                    },
                    Int(23, Unsigned(U32))
                ),
                Binop(
                    ByteSpan {
                        start: ByteIndex(15),
                        end: ByteIndex(26)
                    },
                    Add,
                    Const(
                        ByteSpan {
                            start: ByteIndex(15),
                            end: ByteIndex(19)
                        },
                        Int(2, Unsigned(U32))
                    ),
                    Const(
                        ByteSpan {
                            start: ByteIndex(22),
                            end: ByteIndex(26)
                        },
                        Int(3, Unsigned(U32))
                    )
                )
            )
        ),
        Var(
            ByteSpan {
                start: ByteIndex(29),
                end: ByteIndex(34)
            },
            Free(
                User(
                    Ident("index")
                )
            )
        )
    )
)
