Program {
    defs: {
        Path {
            base: "binary128",
            children: []
        }: Struct(
            [
                Field {
                    name: "sign",
                    value: Bit
                },
                Field {
                    name: "exponent",
                    value: Array(
                        Bit
                    )
                },
                Field {
                    name: "significand",
                    value: Array(
                        Bit
                    )
                }
            ],
            Some(
                Sequence(
                    [
                        Named("significand", Repeat(
                            Bit,
                            Exact(
                                Const(
                                    Int(112)
                                )
                            )
                        )),
                        Named("exponent", Repeat(
                            Bit,
                            Exact(
                                Const(
                                    Int(15)
                                )
                            )
                        )),
                        Named("sign", Bit)
                    ],
                    Struct(
                        Path {
                            base: "binary128",
                            children: []
                        },
                        [
                            Field {
                                name: "sign",
                                value: Var(
                                    Bound(Named("sign", 0))
                                )
                            },
                            Field {
                                name: "exponent",
                                value: Var(
                                    Bound(Named("exponent", 0))
                                )
                            },
                            Field {
                                name: "significand",
                                value: Var(
                                    Bound(Named("significand", 0))
                                )
                            }
                        ]
                    )
                )
            )
        ),
        Path {
            base: "binary16",
            children: []
        }: Struct(
            [
                Field {
                    name: "sign",
                    value: Bit
                },
                Field {
                    name: "exponent",
                    value: Array(
                        Bit
                    )
                },
                Field {
                    name: "significand",
                    value: Array(
                        Bit
                    )
                }
            ],
            Some(
                Sequence(
                    [
                        Named("significand", Repeat(
                            Bit,
                            Exact(
                                Const(
                                    Int(10)
                                )
                            )
                        )),
                        Named("exponent", Repeat(
                            Bit,
                            Exact(
                                Const(
                                    Int(5)
                                )
                            )
                        )),
                        Named("sign", Bit)
                    ],
                    Struct(
                        Path {
                            base: "binary16",
                            children: []
                        },
                        [
                            Field {
                                name: "sign",
                                value: Var(
                                    Bound(Named("sign", 0))
                                )
                            },
                            Field {
                                name: "exponent",
                                value: Var(
                                    Bound(Named("exponent", 0))
                                )
                            },
                            Field {
                                name: "significand",
                                value: Var(
                                    Bound(Named("significand", 0))
                                )
                            }
                        ]
                    )
                )
            )
        ),
        Path {
            base: "binary256",
            children: []
        }: Struct(
            [
                Field {
                    name: "sign",
                    value: Bit
                },
                Field {
                    name: "exponent",
                    value: Array(
                        Bit
                    )
                },
                Field {
                    name: "significand",
                    value: Array(
                        Bit
                    )
                }
            ],
            Some(
                Sequence(
                    [
                        Named("significand", Repeat(
                            Bit,
                            Exact(
                                Const(
                                    Int(236)
                                )
                            )
                        )),
                        Named("exponent", Repeat(
                            Bit,
                            Exact(
                                Const(
                                    Int(19)
                                )
                            )
                        )),
                        Named("sign", Bit)
                    ],
                    Struct(
                        Path {
                            base: "binary256",
                            children: []
                        },
                        [
                            Field {
                                name: "sign",
                                value: Var(
                                    Bound(Named("sign", 0))
                                )
                            },
                            Field {
                                name: "exponent",
                                value: Var(
                                    Bound(Named("exponent", 0))
                                )
                            },
                            Field {
                                name: "significand",
                                value: Var(
                                    Bound(Named("significand", 0))
                                )
                            }
                        ]
                    )
                )
            )
        ),
        Path {
            base: "binary32",
            children: []
        }: Struct(
            [
                Field {
                    name: "sign",
                    value: Bit
                },
                Field {
                    name: "exponent",
                    value: Array(
                        Bit
                    )
                },
                Field {
                    name: "significand",
                    value: Array(
                        Bit
                    )
                }
            ],
            Some(
                Sequence(
                    [
                        Named("significand", Repeat(
                            Bit,
                            Exact(
                                Const(
                                    Int(23)
                                )
                            )
                        )),
                        Named("exponent", Repeat(
                            Bit,
                            Exact(
                                Const(
                                    Int(8)
                                )
                            )
                        )),
                        Named("sign", Bit)
                    ],
                    Struct(
                        Path {
                            base: "binary32",
                            children: []
                        },
                        [
                            Field {
                                name: "sign",
                                value: Var(
                                    Bound(Named("sign", 0))
                                )
                            },
                            Field {
                                name: "exponent",
                                value: Var(
                                    Bound(Named("exponent", 0))
                                )
                            },
                            Field {
                                name: "significand",
                                value: Var(
                                    Bound(Named("significand", 0))
                                )
                            }
                        ]
                    )
                )
            )
        ),
        Path {
            base: "binary64",
            children: []
        }: Struct(
            [
                Field {
                    name: "sign",
                    value: Bit
                },
                Field {
                    name: "exponent",
                    value: Array(
                        Bit
                    )
                },
                Field {
                    name: "significand",
                    value: Array(
                        Bit
                    )
                }
            ],
            Some(
                Sequence(
                    [
                        Named("significand", Repeat(
                            Bit,
                            Exact(
                                Const(
                                    Int(52)
                                )
                            )
                        )),
                        Named("exponent", Repeat(
                            Bit,
                            Exact(
                                Const(
                                    Int(11)
                                )
                            )
                        )),
                        Named("sign", Bit)
                    ],
                    Struct(
                        Path {
                            base: "binary64",
                            children: []
                        },
                        [
                            Field {
                                name: "sign",
                                value: Var(
                                    Bound(Named("sign", 0))
                                )
                            },
                            Field {
                                name: "exponent",
                                value: Var(
                                    Bound(Named("exponent", 0))
                                )
                            },
                            Field {
                                name: "significand",
                                value: Var(
                                    Bound(Named("significand", 0))
                                )
                            }
                        ]
                    )
                )
            )
        ),
        Path {
            base: "decimal128",
            children: []
        }: Struct(
            [
                Field {
                    name: "sign",
                    value: Bit
                },
                Field {
                    name: "combination",
                    value: Array(
                        Bit
                    )
                },
                Field {
                    name: "exponent_cont",
                    value: Array(
                        Bit
                    )
                }
            ],
            Some(
                Sequence(
                    [
                        Named("exponent_cont", Repeat(
                            Bit,
                            Exact(
                                Const(
                                    Int(110)
                                )
                            )
                        )),
                        Named("combination", Repeat(
                            Bit,
                            Exact(
                                Const(
                                    Int(17)
                                )
                            )
                        )),
                        Named("sign", Bit)
                    ],
                    Struct(
                        Path {
                            base: "decimal128",
                            children: []
                        },
                        [
                            Field {
                                name: "sign",
                                value: Var(
                                    Bound(Named("sign", 0))
                                )
                            },
                            Field {
                                name: "combination",
                                value: Var(
                                    Bound(Named("combination", 0))
                                )
                            },
                            Field {
                                name: "exponent_cont",
                                value: Var(
                                    Bound(Named("exponent_cont", 0))
                                )
                            }
                        ]
                    )
                )
            )
        ),
        Path {
            base: "decimal32",
            children: []
        }: Struct(
            [
                Field {
                    name: "sign",
                    value: Bit
                },
                Field {
                    name: "combination",
                    value: Array(
                        Bit
                    )
                },
                Field {
                    name: "exponent_cont",
                    value: Array(
                        Bit
                    )
                },
                Field {
                    name: "coefficient_cont",
                    value: Array(
                        Bit
                    )
                }
            ],
            Some(
                Sequence(
                    [
                        Named("coefficient_cont", Repeat(
                            Bit,
                            Exact(
                                Const(
                                    Int(20)
                                )
                            )
                        )),
                        Named("exponent_cont", Repeat(
                            Bit,
                            Exact(
                                Const(
                                    Int(6)
                                )
                            )
                        )),
                        Named("combination", Repeat(
                            Bit,
                            Exact(
                                Const(
                                    Int(5)
                                )
                            )
                        )),
                        Named("sign", Bit)
                    ],
                    Struct(
                        Path {
                            base: "decimal32",
                            children: []
                        },
                        [
                            Field {
                                name: "sign",
                                value: Var(
                                    Bound(Named("sign", 0))
                                )
                            },
                            Field {
                                name: "combination",
                                value: Var(
                                    Bound(Named("combination", 0))
                                )
                            },
                            Field {
                                name: "exponent_cont",
                                value: Var(
                                    Bound(Named("exponent_cont", 0))
                                )
                            },
                            Field {
                                name: "coefficient_cont",
                                value: Var(
                                    Bound(Named("coefficient_cont", 0))
                                )
                            }
                        ]
                    )
                )
            )
        ),
        Path {
            base: "decimal64",
            children: []
        }: Struct(
            [
                Field {
                    name: "sign",
                    value: Bit
                },
                Field {
                    name: "combination",
                    value: Array(
                        Bit
                    )
                },
                Field {
                    name: "exponent_cont",
                    value: Array(
                        Bit
                    )
                },
                Field {
                    name: "coefficient_cont",
                    value: Array(
                        Bit
                    )
                }
            ],
            Some(
                Sequence(
                    [
                        Named("coefficient_cont", Repeat(
                            Bit,
                            Exact(
                                Const(
                                    Int(50)
                                )
                            )
                        )),
                        Named("exponent_cont", Repeat(
                            Bit,
                            Exact(
                                Const(
                                    Int(8)
                                )
                            )
                        )),
                        Named("combination", Repeat(
                            Bit,
                            Exact(
                                Const(
                                    Int(5)
                                )
                            )
                        )),
                        Named("sign", Bit)
                    ],
                    Struct(
                        Path {
                            base: "decimal64",
                            children: []
                        },
                        [
                            Field {
                                name: "sign",
                                value: Var(
                                    Bound(Named("sign", 0))
                                )
                            },
                            Field {
                                name: "combination",
                                value: Var(
                                    Bound(Named("combination", 0))
                                )
                            },
                            Field {
                                name: "exponent_cont",
                                value: Var(
                                    Bound(Named("exponent_cont", 0))
                                )
                            },
                            Field {
                                name: "coefficient_cont",
                                value: Var(
                                    Bound(Named("coefficient_cont", 0))
                                )
                            }
                        ]
                    )
                )
            )
        )
    }
}
