Program {
    defs: [
        Definition {
            name: "HerosOfMightAndMagicBmp",
            ty: Struct(
                Span {
                    lo: BytePos(96),
                    hi: BytePos(193)
                },
                [
                    Field {
                        name: "magic",
                        value: Var(
                            Span {
                                lo: BytePos(116),
                                hi: BytePos(121)
                            },
                            Free("u16le")
                        )
                    },
                    Field {
                        name: "width",
                        value: Var(
                            Span {
                                lo: BytePos(134),
                                hi: BytePos(139)
                            },
                            Free("u16le")
                        )
                    },
                    Field {
                        name: "height",
                        value: Var(
                            Span {
                                lo: BytePos(153),
                                hi: BytePos(158)
                            },
                            Free("u16le")
                        )
                    },
                    Field {
                        name: "data",
                        value: Array(
                            Span {
                                lo: BytePos(170),
                                hi: BytePos(190)
                            },
                            Var(
                                Span {
                                    lo: BytePos(171),
                                    hi: BytePos(173)
                                },
                                Free("u8")
                            ),
                            Binop(
                                Span {
                                    lo: BytePos(175),
                                    hi: BytePos(189)
                                },
                                Mul,
                                Var(
                                    Span {
                                        lo: BytePos(175),
                                        hi: BytePos(180)
                                    },
                                    Bound(Named("width", BoundVar(1, 0)))
                                ),
                                Var(
                                    Span {
                                        lo: BytePos(183),
                                        hi: BytePos(189)
                                    },
                                    Bound(Named("height", BoundVar(0, 0)))
                                )
                            )
                        )
                    }
                ]
            )
        }
    ]
}
