Module {
    definitions: [
        Definition {
            doc: "",
            name: Ident("Pixel"),
            body_ty: Struct(
                Span {
                    lo: BytePos(30),
                    hi: BytePos(88)
                },
                [
                    Field {
                        doc: "",
                        name: Ident("r"),
                        value: Var(
                            Span {
                                lo: BytePos(47),
                                hi: BytePos(49)
                            },
                            Free(
                                User(
                                    Ident("u8")
                                )
                            )
                        )
                    },
                    Field {
                        doc: "",
                        name: Ident("g"),
                        value: Var(
                            Span {
                                lo: BytePos(59),
                                hi: BytePos(61)
                            },
                            Free(
                                User(
                                    Ident("u8")
                                )
                            )
                        )
                    },
                    Field {
                        doc: "",
                        name: Ident("b"),
                        value: Var(
                            Span {
                                lo: BytePos(71),
                                hi: BytePos(73)
                            },
                            Free(
                                User(
                                    Ident("u8")
                                )
                            )
                        )
                    },
                    Field {
                        doc: "",
                        name: Ident("a"),
                        value: Var(
                            Span {
                                lo: BytePos(83),
                                hi: BytePos(85)
                            },
                            Free(
                                User(
                                    Ident("u8")
                                )
                            )
                        )
                    }
                ]
            )
        },
        Definition {
            doc: "",
            name: Ident("Bitmap"),
            body_ty: Struct(
                Span {
                    lo: BytePos(100),
                    hi: BytePos(239)
                },
                [
                    Field {
                        doc: "",
                        name: Ident("extents"),
                        value: Struct(
                            Span {
                                lo: BytePos(123),
                                hi: BytePos(184)
                            },
                            [
                                Field {
                                    doc: "",
                                    name: Ident("width"),
                                    value: Var(
                                        Span {
                                            lo: BytePos(148),
                                            hi: BytePos(153)
                                        },
                                        Free(
                                            User(
                                                Ident("u32be")
                                            )
                                        )
                                    )
                                },
                                Field {
                                    doc: "",
                                    name: Ident("height"),
                                    value: Var(
                                        Span {
                                            lo: BytePos(172),
                                            hi: BytePos(177)
                                        },
                                        Free(
                                            User(
                                                Ident("u32be")
                                            )
                                        )
                                    )
                                }
                            ]
                        )
                    },
                    Field {
                        doc: "",
                        name: Ident("data"),
                        value: Array(
                            Span {
                                lo: BytePos(197),
                                hi: BytePos(236)
                            },
                            Var(
                                Span {
                                    lo: BytePos(198),
                                    hi: BytePos(203)
                                },
                                Bound(
                                    Named(
                                        User(
                                            Ident("Pixel")
                                        ),
                                        BoundVar(1, 0)
                                    )
                                )
                            ),
                            Binop(
                                Span {
                                    lo: BytePos(205),
                                    hi: BytePos(235)
                                },
                                Mul,
                                Proj(
                                    Span {
                                        lo: BytePos(205),
                                        hi: BytePos(218)
                                    },
                                    Var(
                                        Span {
                                            lo: BytePos(205),
                                            hi: BytePos(212)
                                        },
                                        Bound(
                                            Named(
                                                User(
                                                    Ident("extents")
                                                ),
                                                BoundVar(0, 0)
                                            )
                                        )
                                    ),
                                    Ident("width")
                                ),
                                Proj(
                                    Span {
                                        lo: BytePos(221),
                                        hi: BytePos(235)
                                    },
                                    Var(
                                        Span {
                                            lo: BytePos(221),
                                            hi: BytePos(228)
                                        },
                                        Bound(
                                            Named(
                                                User(
                                                    Ident("extents")
                                                ),
                                                BoundVar(0, 0)
                                            )
                                        )
                                    ),
                                    Ident("height")
                                )
                            )
                        )
                    }
                ]
            )
        },
        Definition {
            doc: "",
            name: Ident("Bmp"),
            body_ty: Var(
                Span {
                    lo: BytePos(248),
                    hi: BytePos(254)
                },
                Bound(
                    Named(
                        User(
                            Ident("Bitmap")
                        ),
                        BoundVar(0, 0)
                    )
                )
            )
        }
    ]
}
