Module {
    definitions: [
        Definition {
            doc: "https://docs.mongodb.com/manual/reference/method/ObjectId/",
            name: Ident("ObjectId"),
            body_ty: Struct(
                ByteSpan {
                    start: ByteIndex(74),
                    end: ByteIndex(173)
                },
                [
                    Field {
                        doc: "",
                        name: Ident("epoch_time"),
                        value: Var(
                            ByteSpan {
                                start: ByteIndex(99),
                                end: ByteIndex(104)
                            },
                            Free(
                                User(
                                    Ident("i32be")
                                )
                            )
                        )
                    },
                    Field {
                        doc: "",
                        name: Ident("machine_id"),
                        value: Var(
                            ByteSpan {
                                start: ByteIndex(122),
                                end: ByteIndex(127)
                            },
                            Free(
                                User(
                                    Ident("u24be")
                                )
                            )
                        )
                    },
                    Field {
                        doc: "",
                        name: Ident("process_id"),
                        value: Var(
                            ByteSpan {
                                start: ByteIndex(145),
                                end: ByteIndex(150)
                            },
                            Free(
                                User(
                                    Ident("u16be")
                                )
                            )
                        )
                    },
                    Field {
                        doc: "",
                        name: Ident("counter"),
                        value: Var(
                            ByteSpan {
                                start: ByteIndex(165),
                                end: ByteIndex(170)
                            },
                            Free(
                                User(
                                    Ident("u24be")
                                )
                            )
                        )
                    }
                ]
            )
        }
    ]
}
