Program {
    defs: [
        Definition {
            name: "Header",
            ty: Struct(
                Span {
                    lo: BytePos(9),
                    hi: BytePos(653)
                },
                [
                    Field {
                        name: "magic",
                        value: Array(
                            Span {
                                lo: BytePos(58),
                                hi: BytePos(68)
                            },
                            Var(
                                Span {
                                    lo: BytePos(59),
                                    hi: BytePos(61)
                                },
                                Free("u8")
                            ),
                            Const(
                                Span {
                                    lo: BytePos(63),
                                    hi: BytePos(67)
                                },
                                Int(8, Unsigned(U32))
                            )
                        )
                    },
                    Field {
                        name: "mfg_bytes",
                        value: Var(
                            Span {
                                lo: BytePos(181),
                                hi: BytePos(186)
                            },
                            Free("u16le")
                        )
                    },
                    Field {
                        name: "product_code",
                        value: Var(
                            Span {
                                lo: BytePos(240),
                                hi: BytePos(245)
                            },
                            Free("u16le")
                        )
                    },
                    Field {
                        name: "serial",
                        value: Var(
                            Span {
                                lo: BytePos(281),
                                hi: BytePos(286)
                            },
                            Free("u32le")
                        )
                    },
                    Field {
                        name: "mfg_week",
                        value: Var(
                            Span {
                                lo: BytePos(387),
                                hi: BytePos(389)
                            },
                            Free("u8")
                        )
                    },
                    Field {
                        name: "mfg_year_mod",
                        value: Var(
                            Span {
                                lo: BytePos(507),
                                hi: BytePos(509)
                            },
                            Free("u8")
                        )
                    },
                    Field {
                        name: "edid_version_major",
                        value: Var(
                            Span {
                                lo: BytePos(577),
                                hi: BytePos(579)
                            },
                            Free("u8")
                        )
                    },
                    Field {
                        name: "edid_version_minor",
                        value: Var(
                            Span {
                                lo: BytePos(648),
                                hi: BytePos(650)
                            },
                            Free("u8")
                        )
                    }
                ]
            )
        },
        Definition {
            name: "DisplayParams",
            ty: Struct(
                Span {
                    lo: BytePos(672),
                    hi: BytePos(1131)
                },
                [
                    Field {
                        name: "input_flags",
                        value: Var(
                            Span {
                                lo: BytePos(736),
                                hi: BytePos(738)
                            },
                            Free("u8")
                        )
                    },
                    Field {
                        name: "screen_size_h",
                        value: Var(
                            Span {
                                lo: BytePos(854),
                                hi: BytePos(856)
                            },
                            Free("u8")
                        )
                    },
                    Field {
                        name: "screen_size_v",
                        value: Var(
                            Span {
                                lo: BytePos(978),
                                hi: BytePos(980)
                            },
                            Free("u8")
                        )
                    },
                    Field {
                        name: "gamma_mod",
                        value: Var(
                            Span {
                                lo: BytePos(1068),
                                hi: BytePos(1070)
                            },
                            Free("u8")
                        )
                    },
                    Field {
                        name: "features_flags",
                        value: Var(
                            Span {
                                lo: BytePos(1126),
                                hi: BytePos(1128)
                            },
                            Free("u8")
                        )
                    }
                ]
            )
        },
        Definition {
            name: "Edid",
            ty: Struct(
                Span {
                    lo: BytePos(1212),
                    hi: BytePos(1458)
                },
                [
                    Field {
                        name: "header",
                        value: Var(
                            Span {
                                lo: BytePos(1260),
                                hi: BytePos(1266)
                            },
                            Bound(Named("Header", BoundVar(1, 0)))
                        )
                    },
                    Field {
                        name: "display_params",
                        value: Var(
                            Span {
                                lo: BytePos(1321),
                                hi: BytePos(1334)
                            },
                            Bound(Named("DisplayParams", BoundVar(1, 0)))
                        )
                    }
                ]
            )
        }
    ]
}
