Program {
    defs: [
        Definition {
            name: "Vec3d",
            ty: Struct(
                Span {
                    lo: BytePos(33),
                    hi: BytePos(85)
                },
                [
                    Field {
                        name: "x",
                        value: Var(
                            Span {
                                lo: BytePos(49),
                                hi: BytePos(54)
                            },
                            Free("f32le")
                        )
                    },
                    Field {
                        name: "y",
                        value: Var(
                            Span {
                                lo: BytePos(63),
                                hi: BytePos(68)
                            },
                            Free("f32le")
                        )
                    },
                    Field {
                        name: "z",
                        value: Var(
                            Span {
                                lo: BytePos(77),
                                hi: BytePos(82)
                            },
                            Free("f32le")
                        )
                    }
                ]
            )
        },
        Definition {
            name: "Triangle",
            ty: Struct(
                Span {
                    lo: BytePos(99),
                    hi: BytePos(214)
                },
                [
                    Field {
                        name: "normal",
                        value: Var(
                            Span {
                                lo: BytePos(142),
                                hi: BytePos(147)
                            },
                            Bound(Named("Vec3d", BoundVar(0, 0)))
                        )
                    },
                    Field {
                        name: "vertices",
                        value: Array(
                            Span {
                                lo: BytePos(199),
                                hi: BytePos(211)
                            },
                            Var(
                                Span {
                                    lo: BytePos(200),
                                    hi: BytePos(205)
                                },
                                Bound(Named("Vec3d", BoundVar(1, 0)))
                            ),
                            Const(
                                Span {
                                    lo: BytePos(207),
                                    hi: BytePos(210)
                                },
                                Int(3, Unsigned(U8))
                            )
                        )
                    }
                ]
            )
        },
        Definition {
            name: "Stl",
            ty: Struct(
                Span {
                    lo: BytePos(275),
                    hi: BytePos(469)
                },
                [
                    Field {
                        name: "header",
                        value: Array(
                            Span {
                                lo: BytePos(322),
                                hi: BytePos(332)
                            },
                            Var(
                                Span {
                                    lo: BytePos(323),
                                    hi: BytePos(325)
                                },
                                Free("u8")
                            ),
                            Const(
                                Span {
                                    lo: BytePos(327),
                                    hi: BytePos(331)
                                },
                                Int(80, Unsigned(U8))
                            )
                        )
                    },
                    Field {
                        name: "num_triangles",
                        value: Var(
                            Span {
                                lo: BytePos(393),
                                hi: BytePos(398)
                            },
                            Free("u32le")
                        )
                    },
                    Field {
                        name: "triangles",
                        value: Array(
                            Span {
                                lo: BytePos(441),
                                hi: BytePos(466)
                            },
                            Var(
                                Span {
                                    lo: BytePos(442),
                                    hi: BytePos(450)
                                },
                                Bound(Named("Triangle", BoundVar(2, 0)))
                            ),
                            Var(
                                Span {
                                    lo: BytePos(452),
                                    hi: BytePos(465)
                                },
                                Bound(Named("num_triangles", BoundVar(0, 0)))
                            )
                        )
                    }
                ]
            )
        }
    ]
}
