Module {
    definitions: [
        Definition {
            doc: "",
            name: "Vec3d",
            body_ty: Struct(
                Span {
                    lo: BytePos(8),
                    hi: BytePos(60)
                },
                [
                    Field {
                        doc: "",
                        name: "x",
                        value: Var(
                            Span {
                                lo: BytePos(24),
                                hi: BytePos(29)
                            },
                            Free("f32le")
                        )
                    },
                    Field {
                        doc: "",
                        name: "y",
                        value: Var(
                            Span {
                                lo: BytePos(38),
                                hi: BytePos(43)
                            },
                            Free("f32le")
                        )
                    },
                    Field {
                        doc: "",
                        name: "z",
                        value: Var(
                            Span {
                                lo: BytePos(52),
                                hi: BytePos(57)
                            },
                            Free("f32le")
                        )
                    }
                ]
            )
        },
        Definition {
            doc: "",
            name: "Triangle",
            body_ty: Struct(
                Span {
                    lo: BytePos(74),
                    hi: BytePos(407)
                },
                [
                    Field {
                        doc: "Normal vector",
                        name: "normal",
                        value: Var(
                            Span {
                                lo: BytePos(117),
                                hi: BytePos(122)
                            },
                            Bound(Named("Vec3d", BoundVar(0, 0)))
                        )
                    },
                    Field {
                        doc: "Coordinates of the vertices",
                        name: "vertices",
                        value: Array(
                            Span {
                                lo: BytePos(174),
                                hi: BytePos(186)
                            },
                            Var(
                                Span {
                                    lo: BytePos(175),
                                    hi: BytePos(180)
                                },
                                Bound(Named("Vec3d", BoundVar(1, 0)))
                            ),
                            Const(
                                Span {
                                    lo: BytePos(182),
                                    hi: BytePos(185)
                                },
                                Int(3, Unsigned(U8))
                            )
                        )
                    },
                    Field {
                        doc: "Attribute byte count\n\nThe attribute syntax is not documented in the formal specification. It is\nspecified that the attribute byte count should be set to zero.",
                        name: "attribute_bytes",
                        value: Var(
                            Span {
                                lo: BytePos(399),
                                hi: BytePos(404)
                            },
                            Free("u16le")
                        )
                    }
                ]
            )
        },
        Definition {
            doc: "https://en.wikipedia.org/wiki/STL_(file_format)",
            name: "Stl",
            body_ty: Struct(
                Span {
                    lo: BytePos(468),
                    hi: BytePos(662)
                },
                [
                    Field {
                        doc: "Generally ignored",
                        name: "header",
                        value: Array(
                            Span {
                                lo: BytePos(515),
                                hi: BytePos(525)
                            },
                            Var(
                                Span {
                                    lo: BytePos(516),
                                    hi: BytePos(518)
                                },
                                Free("u8")
                            ),
                            Const(
                                Span {
                                    lo: BytePos(520),
                                    hi: BytePos(524)
                                },
                                Int(80, Unsigned(U8))
                            )
                        )
                    },
                    Field {
                        doc: "Number of triangles that follow",
                        name: "num_triangles",
                        value: Var(
                            Span {
                                lo: BytePos(586),
                                hi: BytePos(591)
                            },
                            Free("u32le")
                        )
                    },
                    Field {
                        doc: "The triangle data",
                        name: "triangles",
                        value: Array(
                            Span {
                                lo: BytePos(634),
                                hi: BytePos(659)
                            },
                            Var(
                                Span {
                                    lo: BytePos(635),
                                    hi: BytePos(643)
                                },
                                Bound(Named("Triangle", BoundVar(2, 0)))
                            ),
                            Var(
                                Span {
                                    lo: BytePos(645),
                                    hi: BytePos(658)
                                },
                                Bound(Named("num_triangles", BoundVar(0, 0)))
                            )
                        )
                    }
                ]
            )
        }
    ]
}
