Module {
    definitions: [
        Definition {
            doc: "",
            name: Ident("Vec3d"),
            body_ty: Struct(
                ByteSpan {
                    start: ByteIndex(9),
                    end: ByteIndex(61)
                },
                [
                    Field {
                        doc: "",
                        name: Ident("x"),
                        value: Var(
                            ByteSpan {
                                start: ByteIndex(25),
                                end: ByteIndex(30)
                            },
                            Free(
                                User(
                                    Ident("f32le")
                                )
                            )
                        )
                    },
                    Field {
                        doc: "",
                        name: Ident("y"),
                        value: Var(
                            ByteSpan {
                                start: ByteIndex(39),
                                end: ByteIndex(44)
                            },
                            Free(
                                User(
                                    Ident("f32le")
                                )
                            )
                        )
                    },
                    Field {
                        doc: "",
                        name: Ident("z"),
                        value: Var(
                            ByteSpan {
                                start: ByteIndex(53),
                                end: ByteIndex(58)
                            },
                            Free(
                                User(
                                    Ident("f32le")
                                )
                            )
                        )
                    }
                ]
            )
        },
        Definition {
            doc: "",
            name: Ident("Triangle"),
            body_ty: Struct(
                ByteSpan {
                    start: ByteIndex(75),
                    end: ByteIndex(408)
                },
                [
                    Field {
                        doc: "Normal vector",
                        name: Ident("normal"),
                        value: Var(
                            ByteSpan {
                                start: ByteIndex(118),
                                end: ByteIndex(123)
                            },
                            Bound(
                                Named {
                                    name: User(
                                        Ident("Vec3d")
                                    ),
                                    inner: BoundVar(0, 0)
                                }
                            )
                        )
                    },
                    Field {
                        doc: "Coordinates of the vertices",
                        name: Ident("vertices"),
                        value: Array(
                            ByteSpan {
                                start: ByteIndex(175),
                                end: ByteIndex(187)
                            },
                            Var(
                                ByteSpan {
                                    start: ByteIndex(176),
                                    end: ByteIndex(181)
                                },
                                Bound(
                                    Named {
                                        name: User(
                                            Ident("Vec3d")
                                        ),
                                        inner: BoundVar(1, 0)
                                    }
                                )
                            ),
                            Const(
                                ByteSpan {
                                    start: ByteIndex(183),
                                    end: ByteIndex(186)
                                },
                                Int(3, Unsigned(U8))
                            )
                        )
                    },
                    Field {
                        doc: "Attribute byte count\n\nThe attribute syntax is not documented in the formal specification. It is\nspecified that the attribute byte count should be set to zero.",
                        name: Ident("attribute_bytes"),
                        value: Var(
                            ByteSpan {
                                start: ByteIndex(400),
                                end: ByteIndex(405)
                            },
                            Free(
                                User(
                                    Ident("u16le")
                                )
                            )
                        )
                    }
                ]
            )
        },
        Definition {
            doc: "https://en.wikipedia.org/wiki/STL_(file_format)",
            name: Ident("Stl"),
            body_ty: Struct(
                ByteSpan {
                    start: ByteIndex(469),
                    end: ByteIndex(663)
                },
                [
                    Field {
                        doc: "Generally ignored",
                        name: Ident("header"),
                        value: Array(
                            ByteSpan {
                                start: ByteIndex(516),
                                end: ByteIndex(526)
                            },
                            Var(
                                ByteSpan {
                                    start: ByteIndex(517),
                                    end: ByteIndex(519)
                                },
                                Free(
                                    User(
                                        Ident("u8")
                                    )
                                )
                            ),
                            Const(
                                ByteSpan {
                                    start: ByteIndex(521),
                                    end: ByteIndex(525)
                                },
                                Int(80, Unsigned(U8))
                            )
                        )
                    },
                    Field {
                        doc: "Number of triangles that follow",
                        name: Ident("num_triangles"),
                        value: Var(
                            ByteSpan {
                                start: ByteIndex(587),
                                end: ByteIndex(592)
                            },
                            Free(
                                User(
                                    Ident("u32le")
                                )
                            )
                        )
                    },
                    Field {
                        doc: "The triangle data",
                        name: Ident("triangles"),
                        value: Array(
                            ByteSpan {
                                start: ByteIndex(635),
                                end: ByteIndex(660)
                            },
                            Var(
                                ByteSpan {
                                    start: ByteIndex(636),
                                    end: ByteIndex(644)
                                },
                                Bound(
                                    Named {
                                        name: User(
                                            Ident("Triangle")
                                        ),
                                        inner: BoundVar(2, 0)
                                    }
                                )
                            ),
                            Var(
                                ByteSpan {
                                    start: ByteIndex(646),
                                    end: ByteIndex(659)
                                },
                                Bound(
                                    Named {
                                        name: User(
                                            Ident("num_triangles")
                                        ),
                                        inner: BoundVar(0, 0)
                                    }
                                )
                            )
                        )
                    }
                ]
            )
        }
    ]
}
