Program {
    defs: {
        Path {
            base: "HerosOfMightAndMagicBmp",
            children: []
        }: Struct(
            [
                Field {
                    name: "magic",
                    value: Const(
                        Unsigned(
                            U16
                        )
                    )
                },
                Field {
                    name: "width",
                    value: Const(
                        Unsigned(
                            U16
                        )
                    )
                },
                Field {
                    name: "height",
                    value: Const(
                        Unsigned(
                            U16
                        )
                    )
                },
                Field {
                    name: "data",
                    value: Array(
                        Const(
                            Unsigned(
                                U8
                            )
                        )
                    )
                }
            ],
            Some(
                Sequence(
                    [
                        Named("magic", Const(
                            U16Le
                        )),
                        Named("width", Const(
                            U16Le
                        )),
                        Named("height", Const(
                            U16Le
                        )),
                        Named("data", Repeat(
                            Const(
                                U8
                            ),
                            Exact(
                                Binop(
                                    Mul,
                                    Var(
                                        Bound(Named("width", BoundVar(1, 0)))
                                    ),
                                    Var(
                                        Bound(Named("height", BoundVar(0, 0)))
                                    )
                                )
                            )
                        ))
                    ],
                    Struct(
                        Path {
                            base: "HerosOfMightAndMagicBmp",
                            children: []
                        },
                        [
                            Field {
                                name: "magic",
                                value: Var(
                                    Bound(Named("magic", BoundVar(3, 0)))
                                )
                            },
                            Field {
                                name: "width",
                                value: Var(
                                    Bound(Named("width", BoundVar(2, 0)))
                                )
                            },
                            Field {
                                name: "height",
                                value: Var(
                                    Bound(Named("height", BoundVar(1, 0)))
                                )
                            },
                            Field {
                                name: "data",
                                value: Var(
                                    Bound(Named("data", BoundVar(0, 0)))
                                )
                            }
                        ]
                    )
                )
            )
        )
    }
}
