Program {
    defs: [
        Definition {
            name: "ObjectId",
            ty: Struct(
                Span {
                    lo: BytePos(74),
                    hi: BytePos(173)
                },
                [
                    Field {
                        name: "epoch_time",
                        value: Var(
                            Span {
                                lo: BytePos(99),
                                hi: BytePos(104)
                            },
                            Free("i32be")
                        )
                    },
                    Field {
                        name: "machine_id",
                        value: Var(
                            Span {
                                lo: BytePos(122),
                                hi: BytePos(127)
                            },
                            Free("u24be")
                        )
                    },
                    Field {
                        name: "process_id",
                        value: Var(
                            Span {
                                lo: BytePos(145),
                                hi: BytePos(150)
                            },
                            Free("u16be")
                        )
                    },
                    Field {
                        name: "counter",
                        value: Var(
                            Span {
                                lo: BytePos(165),
                                hi: BytePos(170)
                            },
                            Free("u24be")
                        )
                    }
                ]
            )
        }
    ]
}
