Module {
    definitions: [
        Definition {
            doc: "",
            name: Ident("Vec3d"),
            body_ty: Struct(
                Span {
                    lo: BytePos(30),
                    hi: BytePos(82)
                },
                [
                    Field {
                        doc: "",
                        name: Ident("x"),
                        value: Var(
                            Span {
                                lo: BytePos(46),
                                hi: BytePos(51)
                            },
                            Free(
                                User(
                                    Ident("f32le")
                                )
                            )
                        )
                    },
                    Field {
                        doc: "",
                        name: Ident("y"),
                        value: Var(
                            Span {
                                lo: BytePos(60),
                                hi: BytePos(65)
                            },
                            Free(
                                User(
                                    Ident("f32le")
                                )
                            )
                        )
                    },
                    Field {
                        doc: "",
                        name: Ident("z"),
                        value: Var(
                            Span {
                                lo: BytePos(74),
                                hi: BytePos(79)
                            },
                            Free(
                                User(
                                    Ident("f32le")
                                )
                            )
                        )
                    }
                ]
            )
        },
        Definition {
            doc: "",
            name: Ident("Triangle"),
            body_ty: Struct(
                Span {
                    lo: BytePos(96),
                    hi: BytePos(429)
                },
                [
                    Field {
                        doc: "Normal vector",
                        name: Ident("normal"),
                        value: Var(
                            Span {
                                lo: BytePos(139),
                                hi: BytePos(144)
                            },
                            Bound(
                                Named(
                                    User(
                                        Ident("Vec3d")
                                    ),
                                    BoundVar(0, 0)
                                )
                            )
                        )
                    },
                    Field {
                        doc: "Coordinates of the vertices",
                        name: Ident("vertices"),
                        value: Array(
                            Span {
                                lo: BytePos(196),
                                hi: BytePos(208)
                            },
                            Var(
                                Span {
                                    lo: BytePos(197),
                                    hi: BytePos(202)
                                },
                                Bound(
                                    Named(
                                        User(
                                            Ident("Vec3d")
                                        ),
                                        BoundVar(1, 0)
                                    )
                                )
                            ),
                            Const(
                                Span {
                                    lo: BytePos(204),
                                    hi: BytePos(207)
                                },
                                Int(3, Unsigned(U8))
                            )
                        )
                    },
                    Field {
                        doc: "Attribute byte count\n\nThe attribute syntax is not documented in the formal specification. It is\nspecified that the attribute byte count should be set to zero.",
                        name: Ident("attribute_bytes"),
                        value: Var(
                            Span {
                                lo: BytePos(421),
                                hi: BytePos(426)
                            },
                            Free(
                                User(
                                    Ident("u16le")
                                )
                            )
                        )
                    }
                ]
            )
        },
        Definition {
            doc: "https://en.wikipedia.org/wiki/STL_(file_format)",
            name: Ident("Stl"),
            body_ty: Struct(
                Span {
                    lo: BytePos(490),
                    hi: BytePos(684)
                },
                [
                    Field {
                        doc: "Generally ignored",
                        name: Ident("header"),
                        value: Array(
                            Span {
                                lo: BytePos(537),
                                hi: BytePos(547)
                            },
                            Var(
                                Span {
                                    lo: BytePos(538),
                                    hi: BytePos(540)
                                },
                                Free(
                                    User(
                                        Ident("u8")
                                    )
                                )
                            ),
                            Const(
                                Span {
                                    lo: BytePos(542),
                                    hi: BytePos(546)
                                },
                                Int(80, Unsigned(U8))
                            )
                        )
                    },
                    Field {
                        doc: "Number of triangles that follow",
                        name: Ident("num_triangles"),
                        value: Var(
                            Span {
                                lo: BytePos(608),
                                hi: BytePos(613)
                            },
                            Free(
                                User(
                                    Ident("u32le")
                                )
                            )
                        )
                    },
                    Field {
                        doc: "The triangle data",
                        name: Ident("triangles"),
                        value: Array(
                            Span {
                                lo: BytePos(656),
                                hi: BytePos(681)
                            },
                            Var(
                                Span {
                                    lo: BytePos(657),
                                    hi: BytePos(665)
                                },
                                Bound(
                                    Named(
                                        User(
                                            Ident("Triangle")
                                        ),
                                        BoundVar(2, 0)
                                    )
                                )
                            ),
                            Var(
                                Span {
                                    lo: BytePos(667),
                                    hi: BytePos(680)
                                },
                                Bound(
                                    Named(
                                        User(
                                            Ident("num_triangles")
                                        ),
                                        BoundVar(0, 0)
                                    )
                                )
                            )
                        )
                    }
                ]
            )
        }
    ]
}
