Module {
    definitions: [
        Definition {
            doc: "",
            name: OwnedIdent("Header"),
            body_ty: Struct(
                Span {
                    lo: BytePos(9),
                    hi: BytePos(741)
                },
                [
                    Field {
                        doc: "Fixed header pattern",
                        name: OwnedIdent("magic"),
                        value: Assert(
                            Span {
                                lo: BytePos(58),
                                hi: BytePos(109)
                            },
                            Var(
                                Span {
                                    lo: BytePos(58),
                                    hi: BytePos(63)
                                },
                                Free(OwnedIdent("u64le"))
                            ),
                            Inf(
                                Lam(
                                    Span {
                                        lo: BytePos(70),
                                        hi: BytePos(109)
                                    },
                                    [
                                        Named(OwnedIdent("magic"), Var(
                                            Free(OwnedIdent("u64le"))
                                        ))
                                    ],
                                    Binop(
                                        Span {
                                            lo: BytePos(79),
                                            hi: BytePos(109)
                                        },
                                        Eq,
                                        Var(
                                            Span {
                                                lo: BytePos(79),
                                                hi: BytePos(84)
                                            },
                                            Bound(Named(OwnedIdent("magic"), BoundVar(0, 0)))
                                        ),
                                        Const(
                                            Span {
                                                lo: BytePos(88),
                                                hi: BytePos(109)
                                            },
                                            Int(72057594037927680, Unsigned(U64))
                                        )
                                    )
                                )
                            )
                        )
                    },
                    Field {
                        doc: "Manufacturer ID",
                        name: OwnedIdent("mfg_bytes"),
                        value: Var(
                            Span {
                                lo: BytePos(150),
                                hi: BytePos(155)
                            },
                            Free(OwnedIdent("u16le"))
                        )
                    },
                    Field {
                        doc: "Manufacturer product code",
                        name: OwnedIdent("product_code"),
                        value: Var(
                            Span {
                                lo: BytePos(209),
                                hi: BytePos(214)
                            },
                            Free(OwnedIdent("u16le"))
                        )
                    },
                    Field {
                        doc: "Serial number",
                        name: OwnedIdent("serial"),
                        value: Var(
                            Span {
                                lo: BytePos(250),
                                hi: BytePos(255)
                            },
                            Free(OwnedIdent("u32le"))
                        )
                    },
                    Field {
                        doc: "Week of manufacture. Week numbering is not consistent between manufacturers.",
                        name: OwnedIdent("mfg_week"),
                        value: Var(
                            Span {
                                lo: BytePos(356),
                                hi: BytePos(358)
                            },
                            Free(OwnedIdent("u8"))
                        )
                    },
                    Field {
                        doc: "Year of manufacture, less 1990. (1990–2245). If week=255, it is the model year instead.",
                        name: OwnedIdent("mfg_year_mod"),
                        value: Var(
                            Span {
                                lo: BytePos(476),
                                hi: BytePos(478)
                            },
                            Free(OwnedIdent("u8"))
                        )
                    },
                    Field {
                        doc: "Year of manufacture, derived from `mfg_year_mod`",
                        name: OwnedIdent("mfg_year"),
                        value: Interp(
                            Span {
                                lo: BytePos(551),
                                hi: BytePos(597)
                            },
                            Const(
                                Empty
                            ),
                            Inf(
                                Lam(
                                    Span {
                                        lo: BytePos(551),
                                        hi: BytePos(597)
                                    },
                                    [
                                        Named(OwnedIdent("_"), Const(
                                            Unit
                                        ))
                                    ],
                                    Binop(
                                        Span {
                                            lo: BytePos(568),
                                            hi: BytePos(597)
                                        },
                                        Add,
                                        Cast(
                                            Span {
                                                lo: BytePos(568),
                                                hi: BytePos(587)
                                            },
                                            Var(
                                                Span {
                                                    lo: BytePos(568),
                                                    hi: BytePos(580)
                                                },
                                                Bound(Named(OwnedIdent("mfg_year_mod"), BoundVar(2, 0)))
                                            ),
                                            Const(
                                                Unsigned(
                                                    U16
                                                )
                                            )
                                        ),
                                        Const(
                                            Span {
                                                lo: BytePos(590),
                                                hi: BytePos(597)
                                            },
                                            Int(1990, Unsigned(U16))
                                        )
                                    )
                                )
                            ),
                            Const(
                                Unsigned(
                                    U16
                                )
                            )
                        )
                    },
                    Field {
                        doc: "EDID version, usually 1 (for 1.3)",
                        name: OwnedIdent("edid_version_major"),
                        value: Var(
                            Span {
                                lo: BytePos(665),
                                hi: BytePos(667)
                            },
                            Free(OwnedIdent("u8"))
                        )
                    },
                    Field {
                        doc: "EDID revision, usually 3 (for 1.3)",
                        name: OwnedIdent("edid_version_minor"),
                        value: Var(
                            Span {
                                lo: BytePos(736),
                                hi: BytePos(738)
                            },
                            Free(OwnedIdent("u8"))
                        )
                    }
                ]
            )
        },
        Definition {
            doc: "",
            name: OwnedIdent("DisplayParams"),
            body_ty: Struct(
                Span {
                    lo: BytePos(760),
                    hi: BytePos(1461)
                },
                [
                    Field {
                        doc: "Video input parameters bitmap",
                        name: OwnedIdent("input_flags"),
                        value: Var(
                            Span {
                                lo: BytePos(824),
                                hi: BytePos(826)
                            },
                            Free(OwnedIdent("u8"))
                        )
                    },
                    Field {
                        doc: "Maximum horizontal image size, in centimetres (max 292 cm/115 in at\n16:9 aspect ratio)",
                        name: OwnedIdent("screen_size_h"),
                        value: Var(
                            Span {
                                lo: BytePos(950),
                                hi: BytePos(952)
                            },
                            Free(OwnedIdent("u8"))
                        )
                    },
                    Field {
                        doc: "Maximum vertical image size, in centimetres. If either byte is 0,\nundefined (e.g. projector)",
                        name: OwnedIdent("screen_size_v"),
                        value: Var(
                            Span {
                                lo: BytePos(1082),
                                hi: BytePos(1084)
                            },
                            Free(OwnedIdent("u8"))
                        )
                    },
                    Field {
                        doc: "Display gamma data, factory default (range 1.00–3.54), where\n`gamma_mod = (gamma×100)-100 = (gamma−1)×100` If 225, gamma is defined\nby DI-EXT block.",
                        name: OwnedIdent("gamma_mod"),
                        value: Var(
                            Span {
                                lo: BytePos(1280),
                                hi: BytePos(1282)
                            },
                            Free(OwnedIdent("u8"))
                        )
                    },
                    Field {
                        doc: "Display gamma, derived from `gamma_mod`",
                        name: OwnedIdent("gamma"),
                        value: Interp(
                            Span {
                                lo: BytePos(1343),
                                hi: BytePos(1400)
                            },
                            Const(
                                Empty
                            ),
                            Inf(
                                Lam(
                                    Span {
                                        lo: BytePos(1343),
                                        hi: BytePos(1400)
                                    },
                                    [
                                        Named(OwnedIdent("_"), Const(
                                            Unit
                                        ))
                                    ],
                                    Binop(
                                        Span {
                                            lo: BytePos(1360),
                                            hi: BytePos(1400)
                                        },
                                        Div,
                                        Binop(
                                            Span {
                                                lo: BytePos(1361),
                                                hi: BytePos(1388)
                                            },
                                            Add,
                                            Cast(
                                                Span {
                                                    lo: BytePos(1361),
                                                    hi: BytePos(1377)
                                                },
                                                Var(
                                                    Span {
                                                        lo: BytePos(1361),
                                                        hi: BytePos(1370)
                                                    },
                                                    Bound(Named(OwnedIdent("gamma_mod"), BoundVar(2, 0)))
                                                ),
                                                Const(
                                                    Float(
                                                        F32
                                                    )
                                                )
                                            ),
                                            Const(
                                                Span {
                                                    lo: BytePos(1380),
                                                    hi: BytePos(1388)
                                                },
                                                Float(100, F32)
                                            )
                                        ),
                                        Const(
                                            Span {
                                                lo: BytePos(1392),
                                                hi: BytePos(1400)
                                            },
                                            Float(100, F32)
                                        )
                                    )
                                )
                            ),
                            Const(
                                Float(
                                    F32
                                )
                            )
                        )
                    },
                    Field {
                        doc: "Supported features bitmap",
                        name: OwnedIdent("features_flags"),
                        value: Var(
                            Span {
                                lo: BytePos(1456),
                                hi: BytePos(1458)
                            },
                            Free(OwnedIdent("u8"))
                        )
                    }
                ]
            )
        },
        Definition {
            doc: "https://en.wikipedia.org/wiki/Extended_Display_Identification_Data",
            name: OwnedIdent("Edid"),
            body_ty: Struct(
                Span {
                    lo: BytePos(1542),
                    hi: BytePos(1788)
                },
                [
                    Field {
                        doc: "Header information",
                        name: OwnedIdent("header"),
                        value: Var(
                            Span {
                                lo: BytePos(1590),
                                hi: BytePos(1596)
                            },
                            Bound(Named(OwnedIdent("Header"), BoundVar(1, 0)))
                        )
                    },
                    Field {
                        doc: "Basic display parameters",
                        name: OwnedIdent("display_params"),
                        value: Var(
                            Span {
                                lo: BytePos(1651),
                                hi: BytePos(1664)
                            },
                            Bound(Named(OwnedIdent("DisplayParams"), BoundVar(1, 0)))
                        )
                    }
                ]
            )
        }
    ]
}
