Module {
    definitions: [
        Definition {
            doc: "",
            name: Ident("Pixel"),
            body_ty: Struct(
                ByteSpan {
                    start: ByteIndex(9),
                    end: ByteIndex(67)
                },
                [
                    Field {
                        doc: "",
                        name: Ident("r"),
                        value: Var(
                            ByteSpan {
                                start: ByteIndex(26),
                                end: ByteIndex(28)
                            },
                            Free(
                                User(
                                    Ident("u8")
                                )
                            )
                        )
                    },
                    Field {
                        doc: "",
                        name: Ident("g"),
                        value: Var(
                            ByteSpan {
                                start: ByteIndex(38),
                                end: ByteIndex(40)
                            },
                            Free(
                                User(
                                    Ident("u8")
                                )
                            )
                        )
                    },
                    Field {
                        doc: "",
                        name: Ident("b"),
                        value: Var(
                            ByteSpan {
                                start: ByteIndex(50),
                                end: ByteIndex(52)
                            },
                            Free(
                                User(
                                    Ident("u8")
                                )
                            )
                        )
                    },
                    Field {
                        doc: "",
                        name: Ident("a"),
                        value: Var(
                            ByteSpan {
                                start: ByteIndex(62),
                                end: ByteIndex(64)
                            },
                            Free(
                                User(
                                    Ident("u8")
                                )
                            )
                        )
                    }
                ]
            )
        },
        Definition {
            doc: "",
            name: Ident("Bitmap"),
            body_ty: Struct(
                ByteSpan {
                    start: ByteIndex(79),
                    end: ByteIndex(218)
                },
                [
                    Field {
                        doc: "",
                        name: Ident("extents"),
                        value: Struct(
                            ByteSpan {
                                start: ByteIndex(102),
                                end: ByteIndex(163)
                            },
                            [
                                Field {
                                    doc: "",
                                    name: Ident("width"),
                                    value: Var(
                                        ByteSpan {
                                            start: ByteIndex(127),
                                            end: ByteIndex(132)
                                        },
                                        Free(
                                            User(
                                                Ident("u32be")
                                            )
                                        )
                                    )
                                },
                                Field {
                                    doc: "",
                                    name: Ident("height"),
                                    value: Var(
                                        ByteSpan {
                                            start: ByteIndex(151),
                                            end: ByteIndex(156)
                                        },
                                        Free(
                                            User(
                                                Ident("u32be")
                                            )
                                        )
                                    )
                                }
                            ]
                        )
                    },
                    Field {
                        doc: "",
                        name: Ident("data"),
                        value: Array(
                            ByteSpan {
                                start: ByteIndex(176),
                                end: ByteIndex(215)
                            },
                            Var(
                                ByteSpan {
                                    start: ByteIndex(177),
                                    end: ByteIndex(182)
                                },
                                Bound(
                                    Named {
                                        name: User(
                                            Ident("Pixel")
                                        ),
                                        inner: BoundVar(1, 0)
                                    }
                                )
                            ),
                            Binop(
                                ByteSpan {
                                    start: ByteIndex(184),
                                    end: ByteIndex(214)
                                },
                                Mul,
                                Proj(
                                    ByteSpan {
                                        start: ByteIndex(184),
                                        end: ByteIndex(197)
                                    },
                                    Var(
                                        ByteSpan {
                                            start: ByteIndex(184),
                                            end: ByteIndex(191)
                                        },
                                        Bound(
                                            Named {
                                                name: User(
                                                    Ident("extents")
                                                ),
                                                inner: BoundVar(0, 0)
                                            }
                                        )
                                    ),
                                    Ident("width")
                                ),
                                Proj(
                                    ByteSpan {
                                        start: ByteIndex(200),
                                        end: ByteIndex(214)
                                    },
                                    Var(
                                        ByteSpan {
                                            start: ByteIndex(200),
                                            end: ByteIndex(207)
                                        },
                                        Bound(
                                            Named {
                                                name: User(
                                                    Ident("extents")
                                                ),
                                                inner: BoundVar(0, 0)
                                            }
                                        )
                                    ),
                                    Ident("height")
                                )
                            )
                        )
                    }
                ]
            )
        },
        Definition {
            doc: "",
            name: Ident("Bmp"),
            body_ty: Var(
                ByteSpan {
                    start: ByteIndex(227),
                    end: ByteIndex(233)
                },
                Bound(
                    Named {
                        name: User(
                            Ident("Bitmap")
                        ),
                        inner: BoundVar(0, 0)
                    }
                )
            )
        }
    ]
}
