Module {
    definitions: [
        Definition {
            doc: "",
            path: Path {
                base: "Pixel",
                children: []
            },
            params: [],
            item: Struct(
                [
                    Field {
                        doc: "",
                        name: Ident("r"),
                        value: Const(
                            Unsigned(
                                U8
                            )
                        )
                    },
                    Field {
                        doc: "",
                        name: Ident("g"),
                        value: Const(
                            Unsigned(
                                U8
                            )
                        )
                    },
                    Field {
                        doc: "",
                        name: Ident("b"),
                        value: Const(
                            Unsigned(
                                U8
                            )
                        )
                    },
                    Field {
                        doc: "",
                        name: Ident("a"),
                        value: Const(
                            Unsigned(
                                U8
                            )
                        )
                    }
                ],
                Some(
                    Sequence(
                        [
                            Named(
                                Ident("r"),
                                Const(
                                    U8
                                )
                            ),
                            Named(
                                Ident("g"),
                                Const(
                                    U8
                                )
                            ),
                            Named(
                                Ident("b"),
                                Const(
                                    U8
                                )
                            ),
                            Named(
                                Ident("a"),
                                Const(
                                    U8
                                )
                            )
                        ],
                        Struct(
                            Path {
                                base: "Pixel",
                                children: []
                            },
                            [
                                Field {
                                    doc: "",
                                    name: Ident("r"),
                                    value: Var(
                                        Bound(
                                            Named(
                                                User(
                                                    Ident("r")
                                                ),
                                                BoundVar(3, 0)
                                            )
                                        )
                                    )
                                },
                                Field {
                                    doc: "",
                                    name: Ident("g"),
                                    value: Var(
                                        Bound(
                                            Named(
                                                User(
                                                    Ident("g")
                                                ),
                                                BoundVar(2, 0)
                                            )
                                        )
                                    )
                                },
                                Field {
                                    doc: "",
                                    name: Ident("b"),
                                    value: Var(
                                        Bound(
                                            Named(
                                                User(
                                                    Ident("b")
                                                ),
                                                BoundVar(1, 0)
                                            )
                                        )
                                    )
                                },
                                Field {
                                    doc: "",
                                    name: Ident("a"),
                                    value: Var(
                                        Bound(
                                            Named(
                                                User(
                                                    Ident("a")
                                                ),
                                                BoundVar(0, 0)
                                            )
                                        )
                                    )
                                }
                            ]
                        )
                    )
                )
            )
        },
        Definition {
            doc: "",
            path: Path {
                base: "Bitmap",
                children: [
                    "extents"
                ]
            },
            params: [],
            item: Struct(
                [
                    Field {
                        doc: "",
                        name: Ident("width"),
                        value: Const(
                            Unsigned(
                                U32
                            )
                        )
                    },
                    Field {
                        doc: "",
                        name: Ident("height"),
                        value: Const(
                            Unsigned(
                                U32
                            )
                        )
                    }
                ],
                None
            )
        },
        Definition {
            doc: "",
            path: Path {
                base: "Bitmap",
                children: []
            },
            params: [],
            item: Struct(
                [
                    Field {
                        doc: "",
                        name: Ident("extents"),
                        value: Path(
                            Path {
                                base: "Bitmap",
                                children: [
                                    "extents"
                                ]
                            },
                            []
                        )
                    },
                    Field {
                        doc: "",
                        name: Ident("data"),
                        value: Array(
                            Path(
                                Path {
                                    base: "Pixel",
                                    children: []
                                },
                                []
                            )
                        )
                    }
                ],
                Some(
                    Sequence(
                        [
                            Named(
                                Ident("extents"),
                                Sequence(
                                    [
                                        Named(
                                            Ident("width"),
                                            Const(
                                                U32(
                                                    Big
                                                )
                                            )
                                        ),
                                        Named(
                                            Ident("height"),
                                            Const(
                                                U32(
                                                    Big
                                                )
                                            )
                                        )
                                    ],
                                    Struct(
                                        Path {
                                            base: "Bitmap",
                                            children: [
                                                "extents"
                                            ]
                                        },
                                        [
                                            Field {
                                                doc: "",
                                                name: Ident("width"),
                                                value: Var(
                                                    Bound(
                                                        Named(
                                                            User(
                                                                Ident("width")
                                                            ),
                                                            BoundVar(1, 0)
                                                        )
                                                    )
                                                )
                                            },
                                            Field {
                                                doc: "",
                                                name: Ident("height"),
                                                value: Var(
                                                    Bound(
                                                        Named(
                                                            User(
                                                                Ident("height")
                                                            ),
                                                            BoundVar(0, 0)
                                                        )
                                                    )
                                                )
                                            }
                                        ]
                                    )
                                )
                            ),
                            Named(
                                Ident("data"),
                                Repeat(
                                    Var(
                                        Bound(
                                            Named(
                                                User(
                                                    Ident("Pixel")
                                                ),
                                                BoundVar(1, 0)
                                            )
                                        )
                                    ),
                                    Exact(
                                        Binop(
                                            Mul,
                                            Proj(
                                                Var(
                                                    Bound(
                                                        Named(
                                                            User(
                                                                Ident("extents")
                                                            ),
                                                            BoundVar(0, 0)
                                                        )
                                                    )
                                                ),
                                                Ident("width")
                                            ),
                                            Proj(
                                                Var(
                                                    Bound(
                                                        Named(
                                                            User(
                                                                Ident("extents")
                                                            ),
                                                            BoundVar(0, 0)
                                                        )
                                                    )
                                                ),
                                                Ident("height")
                                            )
                                        )
                                    )
                                )
                            )
                        ],
                        Struct(
                            Path {
                                base: "Bitmap",
                                children: []
                            },
                            [
                                Field {
                                    doc: "",
                                    name: Ident("extents"),
                                    value: Var(
                                        Bound(
                                            Named(
                                                User(
                                                    Ident("extents")
                                                ),
                                                BoundVar(1, 0)
                                            )
                                        )
                                    )
                                },
                                Field {
                                    doc: "",
                                    name: Ident("data"),
                                    value: Var(
                                        Bound(
                                            Named(
                                                User(
                                                    Ident("data")
                                                ),
                                                BoundVar(0, 0)
                                            )
                                        )
                                    )
                                }
                            ]
                        )
                    )
                )
            )
        },
        Definition {
            doc: "",
            path: Path {
                base: "Bmp",
                children: []
            },
            params: [],
            item: Alias(
                Path(
                    Path {
                        base: "Bitmap",
                        children: []
                    },
                    []
                )
            )
        }
    ]
}
