Program {
    defs: {
        Path {
            base: "ObjectId",
            children: []
        }: Struct(
            [
                Field {
                    name: "epoch_time",
                    value: Const(
                        Unsigned(
                            U32
                        )
                    )
                },
                Field {
                    name: "machine_id",
                    value: Array(
                        Const(
                            Unsigned(
                                U8
                            )
                        )
                    )
                },
                Field {
                    name: "process_id",
                    value: Const(
                        Unsigned(
                            U16
                        )
                    )
                },
                Field {
                    name: "counter",
                    value: Array(
                        Const(
                            Unsigned(
                                U8
                            )
                        )
                    )
                }
            ],
            Some(
                Sequence(
                    [
                        Named("epoch_time", Const(
                            U32Le
                        )),
                        Named("machine_id", Repeat(
                            Const(
                                U8
                            ),
                            Exact(
                                Const(
                                    Int(3, Unsigned(U32))
                                )
                            )
                        )),
                        Named("process_id", Const(
                            U16Le
                        )),
                        Named("counter", Repeat(
                            Const(
                                U8
                            ),
                            Exact(
                                Const(
                                    Int(3, Unsigned(U32))
                                )
                            )
                        ))
                    ],
                    Struct(
                        Path {
                            base: "ObjectId",
                            children: []
                        },
                        [
                            Field {
                                name: "epoch_time",
                                value: Var(
                                    Bound(Named("epoch_time", BoundVar(3, 0)))
                                )
                            },
                            Field {
                                name: "machine_id",
                                value: Var(
                                    Bound(Named("machine_id", BoundVar(2, 0)))
                                )
                            },
                            Field {
                                name: "process_id",
                                value: Var(
                                    Bound(Named("process_id", BoundVar(1, 0)))
                                )
                            },
                            Field {
                                name: "counter",
                                value: Var(
                                    Bound(Named("counter", BoundVar(0, 0)))
                                )
                            }
                        ]
                    )
                )
            )
        )
    }
}
