Module {
    definitions: [
        Definition {
            doc: "Binary data",
            name: Ident("BinData"),
            body_ty: Struct(
                ByteSpan {
                    start: ByteIndex(26),
                    end: ByteIndex(398)
                },
                [
                    Field {
                        doc: "The number of bytes stored",
                        name: Ident("len"),
                        value: Var(
                            ByteSpan {
                                start: ByteIndex(80),
                                end: ByteIndex(85)
                            },
                            Free(
                                User(
                                    Ident("i32be")
                                )
                            )
                        )
                    },
                    Field {
                        doc: "Binary data subtype\n\n- `0x00`: Generic binary subtype\n- `0x01`: Function\n- `0x02`: Binary (Old)\n- `0x03`: UUID (Old)\n- `0x04`: UUID\n- `0x05`: MD5\n- `0x80`: User defined",
                        name: Ident("subtype"),
                        value: Var(
                            ByteSpan {
                                start: ByteIndex(341),
                                end: ByteIndex(343)
                            },
                            Free(
                                User(
                                    Ident("u8")
                                )
                            )
                        )
                    },
                    Field {
                        doc: "The binary data",
                        name: Ident("data"),
                        value: Array(
                            ByteSpan {
                                start: ByteIndex(379),
                                end: ByteIndex(395)
                            },
                            Var(
                                ByteSpan {
                                    start: ByteIndex(380),
                                    end: ByteIndex(382)
                                },
                                Free(
                                    User(
                                        Ident("u8")
                                    )
                                )
                            ),
                            Cast(
                                ByteSpan {
                                    start: ByteIndex(384),
                                    end: ByteIndex(394)
                                },
                                Var(
                                    ByteSpan {
                                        start: ByteIndex(384),
                                        end: ByteIndex(387)
                                    },
                                    Bound(
                                        Named {
                                            name: User(
                                                Ident("len")
                                            ),
                                            inner: BoundVar(1, 0)
                                        }
                                    )
                                ),
                                Const(
                                    Unsigned(
                                        U64
                                    )
                                )
                            )
                        )
                    }
                ]
            )
        },
        Definition {
            doc: "",
            name: Ident("ObjectId"),
            body_ty: Struct(
                ByteSpan {
                    start: ByteIndex(412),
                    end: ByteIndex(511)
                },
                [
                    Field {
                        doc: "",
                        name: Ident("epoch_time"),
                        value: Var(
                            ByteSpan {
                                start: ByteIndex(437),
                                end: ByteIndex(442)
                            },
                            Free(
                                User(
                                    Ident("i32be")
                                )
                            )
                        )
                    },
                    Field {
                        doc: "",
                        name: Ident("machine_id"),
                        value: Var(
                            ByteSpan {
                                start: ByteIndex(460),
                                end: ByteIndex(465)
                            },
                            Free(
                                User(
                                    Ident("u24be")
                                )
                            )
                        )
                    },
                    Field {
                        doc: "",
                        name: Ident("process_id"),
                        value: Var(
                            ByteSpan {
                                start: ByteIndex(483),
                                end: ByteIndex(488)
                            },
                            Free(
                                User(
                                    Ident("u16be")
                                )
                            )
                        )
                    },
                    Field {
                        doc: "",
                        name: Ident("counter"),
                        value: Var(
                            ByteSpan {
                                start: ByteIndex(503),
                                end: ByteIndex(508)
                            },
                            Free(
                                User(
                                    Ident("u24be")
                                )
                            )
                        )
                    }
                ]
            )
        },
        Definition {
            doc: "",
            name: Ident("Element"),
            body_ty: Struct(
                ByteSpan {
                    start: ByteIndex(524),
                    end: ByteIndex(2268)
                },
                [
                    Field {
                        doc: "",
                        name: Ident("elem_type"),
                        value: Var(
                            ByteSpan {
                                start: ByteIndex(549),
                                end: ByteIndex(551)
                            },
                            Free(
                                User(
                                    Ident("u8")
                                )
                            )
                        )
                    },
                    Field {
                        doc: "",
                        name: Ident("content"),
                        value: Cond(
                            ByteSpan {
                                start: ByteIndex(566),
                                end: ByteIndex(2265)
                            },
                            [
                                Field {
                                    doc: "64-bit floating point",
                                    name: Ident("double"),
                                    value: (
                                        Inf(
                                            Binop(
                                                ByteSpan {
                                                    start: ByteIndex(624),
                                                    end: ByteIndex(643)
                                                },
                                                Eq,
                                                Var(
                                                    ByteSpan {
                                                        start: ByteIndex(624),
                                                        end: ByteIndex(633)
                                                    },
                                                    Bound(
                                                        Named {
                                                            name: User(
                                                                Ident("elem_type")
                                                            ),
                                                            inner: BoundVar(0, 0)
                                                        }
                                                    )
                                                ),
                                                Const(
                                                    ByteSpan {
                                                        start: ByteIndex(637),
                                                        end: ByteIndex(643)
                                                    },
                                                    Int(1, Unsigned(U8))
                                                )
                                            )
                                        ),
                                        Var(
                                            ByteSpan {
                                                start: ByteIndex(647),
                                                end: ByteIndex(652)
                                            },
                                            Free(
                                                User(
                                                    Ident("f64le")
                                                )
                                            )
                                        )
                                    )
                                },
                                Field {
                                    doc: "Binary data",
                                    name: Ident("bin_data"),
                                    value: (
                                        Inf(
                                            Binop(
                                                ByteSpan {
                                                    start: ByteIndex(993),
                                                    end: ByteIndex(1012)
                                                },
                                                Eq,
                                                Var(
                                                    ByteSpan {
                                                        start: ByteIndex(993),
                                                        end: ByteIndex(1002)
                                                    },
                                                    Bound(
                                                        Named {
                                                            name: User(
                                                                Ident("elem_type")
                                                            ),
                                                            inner: BoundVar(0, 0)
                                                        }
                                                    )
                                                ),
                                                Const(
                                                    ByteSpan {
                                                        start: ByteIndex(1006),
                                                        end: ByteIndex(1012)
                                                    },
                                                    Int(5, Unsigned(U8))
                                                )
                                            )
                                        ),
                                        Var(
                                            ByteSpan {
                                                start: ByteIndex(1016),
                                                end: ByteIndex(1023)
                                            },
                                            Bound(
                                                Named {
                                                    name: User(
                                                        Ident("BinData")
                                                    ),
                                                    inner: BoundVar(2, 0)
                                                }
                                            )
                                        )
                                    )
                                },
                                Field {
                                    doc: "Undefined (value) - deprecated",
                                    name: Ident("undefined"),
                                    value: (
                                        Inf(
                                            Binop(
                                                ByteSpan {
                                                    start: ByteIndex(1088),
                                                    end: ByteIndex(1107)
                                                },
                                                Eq,
                                                Var(
                                                    ByteSpan {
                                                        start: ByteIndex(1088),
                                                        end: ByteIndex(1097)
                                                    },
                                                    Bound(
                                                        Named {
                                                            name: User(
                                                                Ident("elem_type")
                                                            ),
                                                            inner: BoundVar(0, 0)
                                                        }
                                                    )
                                                ),
                                                Const(
                                                    ByteSpan {
                                                        start: ByteIndex(1101),
                                                        end: ByteIndex(1107)
                                                    },
                                                    Int(6, Unsigned(U8))
                                                )
                                            )
                                        ),
                                        Var(
                                            ByteSpan {
                                                start: ByteIndex(1111),
                                                end: ByteIndex(1116)
                                            },
                                            Free(
                                                User(
                                                    Ident("empty")
                                                )
                                            )
                                        )
                                    )
                                },
                                Field {
                                    doc: "ObjectId",
                                    name: Ident("object_id"),
                                    value: (
                                        Inf(
                                            Binop(
                                                ByteSpan {
                                                    start: ByteIndex(1159),
                                                    end: ByteIndex(1178)
                                                },
                                                Eq,
                                                Var(
                                                    ByteSpan {
                                                        start: ByteIndex(1159),
                                                        end: ByteIndex(1168)
                                                    },
                                                    Bound(
                                                        Named {
                                                            name: User(
                                                                Ident("elem_type")
                                                            ),
                                                            inner: BoundVar(0, 0)
                                                        }
                                                    )
                                                ),
                                                Const(
                                                    ByteSpan {
                                                        start: ByteIndex(1172),
                                                        end: ByteIndex(1178)
                                                    },
                                                    Int(7, Unsigned(U8))
                                                )
                                            )
                                        ),
                                        Var(
                                            ByteSpan {
                                                start: ByteIndex(1182),
                                                end: ByteIndex(1190)
                                            },
                                            Bound(
                                                Named {
                                                    name: User(
                                                        Ident("ObjectId")
                                                    ),
                                                    inner: BoundVar(1, 0)
                                                }
                                            )
                                        )
                                    )
                                },
                                Field {
                                    doc: "Boolean\n\n- `0x00`: false\n- `0x01`: true",
                                    name: Ident("boolean"),
                                    value: (
                                        Inf(
                                            Binop(
                                                ByteSpan {
                                                    start: ByteIndex(1297),
                                                    end: ByteIndex(1316)
                                                },
                                                Eq,
                                                Var(
                                                    ByteSpan {
                                                        start: ByteIndex(1297),
                                                        end: ByteIndex(1306)
                                                    },
                                                    Bound(
                                                        Named {
                                                            name: User(
                                                                Ident("elem_type")
                                                            ),
                                                            inner: BoundVar(0, 0)
                                                        }
                                                    )
                                                ),
                                                Const(
                                                    ByteSpan {
                                                        start: ByteIndex(1310),
                                                        end: ByteIndex(1316)
                                                    },
                                                    Int(8, Unsigned(U8))
                                                )
                                            )
                                        ),
                                        Var(
                                            ByteSpan {
                                                start: ByteIndex(1320),
                                                end: ByteIndex(1322)
                                            },
                                            Free(
                                                User(
                                                    Ident("u8")
                                                )
                                            )
                                        )
                                    )
                                },
                                Field {
                                    doc: "UTC datetime",
                                    name: Ident("utc_datetime"),
                                    value: (
                                        Inf(
                                            Binop(
                                                ByteSpan {
                                                    start: ByteIndex(1372),
                                                    end: ByteIndex(1391)
                                                },
                                                Eq,
                                                Var(
                                                    ByteSpan {
                                                        start: ByteIndex(1372),
                                                        end: ByteIndex(1381)
                                                    },
                                                    Bound(
                                                        Named {
                                                            name: User(
                                                                Ident("elem_type")
                                                            ),
                                                            inner: BoundVar(0, 0)
                                                        }
                                                    )
                                                ),
                                                Const(
                                                    ByteSpan {
                                                        start: ByteIndex(1385),
                                                        end: ByteIndex(1391)
                                                    },
                                                    Int(9, Unsigned(U8))
                                                )
                                            )
                                        ),
                                        Var(
                                            ByteSpan {
                                                start: ByteIndex(1395),
                                                end: ByteIndex(1400)
                                            },
                                            Free(
                                                User(
                                                    Ident("i64le")
                                                )
                                            )
                                        )
                                    )
                                },
                                Field {
                                    doc: "Null value",
                                    name: Ident("null"),
                                    value: (
                                        Inf(
                                            Binop(
                                                ByteSpan {
                                                    start: ByteIndex(1440),
                                                    end: ByteIndex(1459)
                                                },
                                                Eq,
                                                Var(
                                                    ByteSpan {
                                                        start: ByteIndex(1440),
                                                        end: ByteIndex(1449)
                                                    },
                                                    Bound(
                                                        Named {
                                                            name: User(
                                                                Ident("elem_type")
                                                            ),
                                                            inner: BoundVar(0, 0)
                                                        }
                                                    )
                                                ),
                                                Const(
                                                    ByteSpan {
                                                        start: ByteIndex(1453),
                                                        end: ByteIndex(1459)
                                                    },
                                                    Int(10, Unsigned(U8))
                                                )
                                            )
                                        ),
                                        Var(
                                            ByteSpan {
                                                start: ByteIndex(1463),
                                                end: ByteIndex(1468)
                                            },
                                            Free(
                                                User(
                                                    Ident("empty")
                                                )
                                            )
                                        )
                                    )
                                },
                                Field {
                                    doc: "32-bit integer",
                                    name: Ident("int"),
                                    value: (
                                        Inf(
                                            Binop(
                                                ByteSpan {
                                                    start: ByteIndex(1972),
                                                    end: ByteIndex(1991)
                                                },
                                                Eq,
                                                Var(
                                                    ByteSpan {
                                                        start: ByteIndex(1972),
                                                        end: ByteIndex(1981)
                                                    },
                                                    Bound(
                                                        Named {
                                                            name: User(
                                                                Ident("elem_type")
                                                            ),
                                                            inner: BoundVar(0, 0)
                                                        }
                                                    )
                                                ),
                                                Const(
                                                    ByteSpan {
                                                        start: ByteIndex(1985),
                                                        end: ByteIndex(1991)
                                                    },
                                                    Int(16, Unsigned(U8))
                                                )
                                            )
                                        ),
                                        Var(
                                            ByteSpan {
                                                start: ByteIndex(1995),
                                                end: ByteIndex(2000)
                                            },
                                            Free(
                                                User(
                                                    Ident("i32le")
                                                )
                                            )
                                        )
                                    )
                                },
                                Field {
                                    doc: "Timestamp",
                                    name: Ident("timestamp"),
                                    value: (
                                        Inf(
                                            Binop(
                                                ByteSpan {
                                                    start: ByteIndex(2044),
                                                    end: ByteIndex(2063)
                                                },
                                                Eq,
                                                Var(
                                                    ByteSpan {
                                                        start: ByteIndex(2044),
                                                        end: ByteIndex(2053)
                                                    },
                                                    Bound(
                                                        Named {
                                                            name: User(
                                                                Ident("elem_type")
                                                            ),
                                                            inner: BoundVar(0, 0)
                                                        }
                                                    )
                                                ),
                                                Const(
                                                    ByteSpan {
                                                        start: ByteIndex(2057),
                                                        end: ByteIndex(2063)
                                                    },
                                                    Int(17, Unsigned(U8))
                                                )
                                            )
                                        ),
                                        Var(
                                            ByteSpan {
                                                start: ByteIndex(2067),
                                                end: ByteIndex(2072)
                                            },
                                            Free(
                                                User(
                                                    Ident("u64le")
                                                )
                                            )
                                        )
                                    )
                                },
                                Field {
                                    doc: "64-bit integer",
                                    name: Ident("long"),
                                    value: (
                                        Inf(
                                            Binop(
                                                ByteSpan {
                                                    start: ByteIndex(2116),
                                                    end: ByteIndex(2135)
                                                },
                                                Eq,
                                                Var(
                                                    ByteSpan {
                                                        start: ByteIndex(2116),
                                                        end: ByteIndex(2125)
                                                    },
                                                    Bound(
                                                        Named {
                                                            name: User(
                                                                Ident("elem_type")
                                                            ),
                                                            inner: BoundVar(0, 0)
                                                        }
                                                    )
                                                ),
                                                Const(
                                                    ByteSpan {
                                                        start: ByteIndex(2129),
                                                        end: ByteIndex(2135)
                                                    },
                                                    Int(18, Unsigned(U8))
                                                )
                                            )
                                        ),
                                        Var(
                                            ByteSpan {
                                                start: ByteIndex(2139),
                                                end: ByteIndex(2144)
                                            },
                                            Free(
                                                User(
                                                    Ident("i64le")
                                                )
                                            )
                                        )
                                    )
                                }
                            ]
                        )
                    }
                ]
            )
        },
        Definition {
            doc: "BSON Document\n\n<http://bsonspec.org/spec.html>",
            name: Ident("Document"),
            body_ty: Struct(
                ByteSpan {
                    start: ByteIndex(2340),
                    end: ByteIndex(2599)
                },
                [
                    Field {
                        doc: "Total number of bytes comprising the document.",
                        name: Ident("len"),
                        value: Var(
                            ByteSpan {
                                start: ByteIndex(2414),
                                end: ByteIndex(2419)
                            },
                            Free(
                                User(
                                    Ident("i32be")
                                )
                            )
                        )
                    },
                    Field {
                        doc: "The elements that make up this document",
                        name: Ident("fields"),
                        value: Array(
                            ByteSpan {
                                start: ByteIndex(2482),
                                end: ByteIndex(2496)
                            },
                            Var(
                                ByteSpan {
                                    start: ByteIndex(2483),
                                    end: ByteIndex(2490)
                                },
                                Bound(
                                    Named {
                                        name: User(
                                            Ident("Element")
                                        ),
                                        inner: BoundVar(1, 0)
                                    }
                                )
                            ),
                            Const(
                                ByteSpan {
                                    start: ByteIndex(2492),
                                    end: ByteIndex(2495)
                                },
                                Int(1, Unsigned(U8))
                            )
                        )
                    }
                ]
            )
        }
    ]
}
