Module {
    definitions: [
        Definition {
            doc: "https://docs.mongodb.com/manual/reference/method/ObjectId/",
            name: Ident("ObjectId"),
            body_ty: Struct(
                Span {
                    lo: BytePos(74),
                    hi: BytePos(173)
                },
                [
                    Field {
                        doc: "",
                        name: Ident("epoch_time"),
                        value: Var(
                            Span {
                                lo: BytePos(99),
                                hi: BytePos(104)
                            },
                            Free(
                                User(
                                    Ident("i32be")
                                )
                            )
                        )
                    },
                    Field {
                        doc: "",
                        name: Ident("machine_id"),
                        value: Var(
                            Span {
                                lo: BytePos(122),
                                hi: BytePos(127)
                            },
                            Free(
                                User(
                                    Ident("u24be")
                                )
                            )
                        )
                    },
                    Field {
                        doc: "",
                        name: Ident("process_id"),
                        value: Var(
                            Span {
                                lo: BytePos(145),
                                hi: BytePos(150)
                            },
                            Free(
                                User(
                                    Ident("u16be")
                                )
                            )
                        )
                    },
                    Field {
                        doc: "",
                        name: Ident("counter"),
                        value: Var(
                            Span {
                                lo: BytePos(165),
                                hi: BytePos(170)
                            },
                            Free(
                                User(
                                    Ident("u24be")
                                )
                            )
                        )
                    }
                ]
            )
        }
    ]
}
