Module {
    definitions: [
        Definition {
            doc: "https://docs.mongodb.com/manual/reference/method/ObjectId/",
            path: Path {
                base: "ObjectId",
                children: []
            },
            params: [],
            item: Struct(
                [
                    Field {
                        doc: "",
                        name: Ident("epoch_time"),
                        value: Const(
                            Signed(
                                I32
                            )
                        )
                    },
                    Field {
                        doc: "",
                        name: Ident("machine_id"),
                        value: Const(
                            Unsigned(
                                U24
                            )
                        )
                    },
                    Field {
                        doc: "",
                        name: Ident("process_id"),
                        value: Const(
                            Unsigned(
                                U16
                            )
                        )
                    },
                    Field {
                        doc: "",
                        name: Ident("counter"),
                        value: Const(
                            Unsigned(
                                U24
                            )
                        )
                    }
                ],
                Some(
                    Sequence(
                        [
                            Named(
                                Ident("epoch_time"),
                                Const(
                                    I32(
                                        Big
                                    )
                                )
                            ),
                            Named(
                                Ident("machine_id"),
                                Const(
                                    U24(
                                        Big
                                    )
                                )
                            ),
                            Named(
                                Ident("process_id"),
                                Const(
                                    U16(
                                        Big
                                    )
                                )
                            ),
                            Named(
                                Ident("counter"),
                                Const(
                                    U24(
                                        Big
                                    )
                                )
                            )
                        ],
                        Struct(
                            Path {
                                base: "ObjectId",
                                children: []
                            },
                            [
                                Field {
                                    doc: "",
                                    name: Ident("epoch_time"),
                                    value: Var(
                                        Bound(
                                            Named(
                                                Ident("epoch_time"),
                                                BoundVar(3, 0)
                                            )
                                        )
                                    )
                                },
                                Field {
                                    doc: "",
                                    name: Ident("machine_id"),
                                    value: Var(
                                        Bound(
                                            Named(
                                                Ident("machine_id"),
                                                BoundVar(2, 0)
                                            )
                                        )
                                    )
                                },
                                Field {
                                    doc: "",
                                    name: Ident("process_id"),
                                    value: Var(
                                        Bound(
                                            Named(
                                                Ident("process_id"),
                                                BoundVar(1, 0)
                                            )
                                        )
                                    )
                                },
                                Field {
                                    doc: "",
                                    name: Ident("counter"),
                                    value: Var(
                                        Bound(
                                            Named(
                                                Ident("counter"),
                                                BoundVar(0, 0)
                                            )
                                        )
                                    )
                                }
                            ]
                        )
                    )
                )
            )
        }
    ]
}
