Lam(
    Span {
        lo: BytePos(0),
        hi: BytePos(0)
    },
    [
        Named(
            User(
                Ident("x")
            ),
            Binary
        )
    ],
    Var(
        Span {
            lo: BytePos(0),
            hi: BytePos(0)
        },
        Bound(
            Named(
                User(
                    Ident("x")
                ),
                BoundVar(0, 0)
            )
        )
    )
)
