Lam(
    Span {
        lo: BytePos(0),
        hi: BytePos(0)
    },
    [
        Named(
            User(
                Ident("x")
            ),
            Binary
        )
    ],
    Lam(
        Span {
            lo: BytePos(0),
            hi: BytePos(0)
        },
        [
            Named(
                User(
                    Ident("y")
                ),
                Binary
            )
        ],
        Lam(
            Span {
                lo: BytePos(0),
                hi: BytePos(0)
            },
            [
                Named(
                    User(
                        Ident("z")
                    ),
                    Binary
                )
            ],
            App(
                Span {
                    lo: BytePos(0),
                    hi: BytePos(0)
                },
                App(
                    Span {
                        lo: BytePos(0),
                        hi: BytePos(0)
                    },
                    Var(
                        Span {
                            lo: BytePos(0),
                            hi: BytePos(0)
                        },
                        Bound(
                            Named(
                                User(
                                    Ident("x")
                                ),
                                BoundVar(2, 0)
                            )
                        )
                    ),
                    [
                        Var(
                            Span {
                                lo: BytePos(0),
                                hi: BytePos(0)
                            },
                            Bound(
                                Named(
                                    User(
                                        Ident("z")
                                    ),
                                    BoundVar(0, 0)
                                )
                            )
                        )
                    ]
                ),
                [
                    App(
                        Span {
                            lo: BytePos(0),
                            hi: BytePos(0)
                        },
                        Var(
                            Span {
                                lo: BytePos(0),
                                hi: BytePos(0)
                            },
                            Bound(
                                Named(
                                    User(
                                        Ident("y")
                                    ),
                                    BoundVar(1, 0)
                                )
                            )
                        ),
                        [
                            Var(
                                Span {
                                    lo: BytePos(0),
                                    hi: BytePos(0)
                                },
                                Bound(
                                    Named(
                                        User(
                                            Ident("z")
                                        ),
                                        BoundVar(0, 0)
                                    )
                                )
                            )
                        ]
                    )
                ]
            )
        )
    )
)
