stdout = '''
0 = [
    {
        start = 0,
        directory = {
            sfnt_version = 1330926671,
            _sfnt_version = {},
            num_tables = 9,
            search_range = 128,
            entry_selector = 3,
            range_shift = 16,
            table_records = [
                {
                    table_id = 1128678944,
                    checksum = 592874113,
                    offset = 156,
                    length = 4132,
                    link = 156,
                },
                {
                    table_id = 1330851634,
                    checksum = 1825330621,
                    offset = 4288,
                    length = 96,
                    link = 4288,
                },
                {
                    table_id = 1668112752,
                    checksum = 3882863068,
                    offset = 4384,
                    length = 99,
                    link = 4384,
                },
                {
                    table_id = 1751474532,
                    checksum = 1759071024,
                    offset = 4484,
                    length = 54,
                    link = 4484,
                },
                {
                    table_id = 1751672161,
                    checksum = 360516338,
                    offset = 4540,
                    length = 36,
                    link = 4540,
                },
                {
                    table_id = 1752003704,
                    checksum = 1081359000,
                    offset = 4576,
                    length = 202,
                    link = 4576,
                },
                {
                    table_id = 1835104368,
                    checksum = 6574080,
                    offset = 4780,
                    length = 6,
                    link = 4780,
                },
                {
                    table_id = 1851878757,
                    checksum = 224928904,
                    offset = 4788,
                    length = 208,
                    link = 4788,
                },
                {
                    table_id = 1886352244,
                    checksum = 4288610354,
                    offset = 4996,
                    length = 32,
                    link = 4996,
                },
            ],
        },
    },
]
156 = [
    {},
]
4288 = [
    {},
]
4384 = [
    {
        table_start = 4384,
        version = 0,
        num_tables = 2,
        encoding_records = [
            {
                platform = 0,
                encoding = 5,
                subtable_offset = {
                    offset = 52,
                    link = 4436,
                },
            },
            {
                platform = 3,
                encoding = 1,
                subtable_offset = {
                    offset = 20,
                    link = 4404,
                },
            },
        ],
    },
]
4404 = [
    {
        table_start = 4404,
        format = 4,
        data = {
            length = 32,
            language = 0,
            seg_count_x2 = 4,
            seg_count = 2,
            search_range = 2,
            entry_selector = 0,
            range_shift = 2,
            end_code = [
                19977,
                65535,
            ],
            _reserved_pad = 0,
            start_code = [
                19968,
                65535,
            ],
            id_delta = [
                -19958,
                1,
            ],
            id_range_offsets = [
                0,
                0,
            ],
        },
    },
]
4436 = [
    {
        table_start = 4436,
        format = 14,
        data = {
            length = 47,
            num_var_selector_records = 1,
            var_selector = [
                {
                    var_selector = [
                        14,
                        1,
                        0,
                    ],
                    default_uvs_offset = {
                        offset = 35,
                        link = 4471,
                    },
                    non_default_uvs_offset = {
                        offset = 21,
                        link = 4457,
                    },
                },
            ],
        },
    },
]
4457 = [
    {
        num_uvs_mappings = 2,
        uvs_mappings = [
            {
                unicode_value = [
                    0,
                    78,
                    16,
                ],
                glyph_id = 25,
            },
            {
                unicode_value = [
                    0,
                    78,
                    17,
                ],
                glyph_id = 26,
            },
        ],
    },
]
4471 = [
    {
        num_unicode_value_ranges = 2,
        ranges = [
            {
                start_unicode_value = [
                    0,
                    78,
                    0,
                ],
                additional_count = 0,
            },
            {
                start_unicode_value = [
                    0,
                    78,
                    3,
                ],
                additional_count = 3,
            },
        ],
    },
]
4484 = [
    {
        major_version = 1,
        _major_version = {},
        minor_version = 0,
        font_revision = 65536,
        checksum_adjustment = 1598680310,
        magic_number = 1594834165,
        _magic_number = {},
        flags = 1,
        units_per_em = 1500,
        _units_per_em = {},
        created = 0,
        modified = 0,
        glyph_extents = {
            x_min = 0,
            y_min = -10,
            x_max = 2500,
            y_max = 2150,
        },
        mac_style = 0,
        lowest_rec_ppem = 3,
        font_direction_hint = 2,
        index_to_loc_format = 0,
        glyph_data_format = 0,
    },
]
4540 = [
    {
        major_version = 1,
        _major_version = {},
        minor_version = 0,
        ascent = 2500,
        descent = 0,
        line_gap = 200,
        advance_width_max = 2500,
        min_left_side_bearing = 300,
        min_right_side_bearing = 300,
        x_max_extent = 2500,
        caret_slope = {
            rise = 1,
            run = 0,
        },
        caret_offset = 0,
        _reserved0 = 0,
        _reserved1 = 0,
        _reserved2 = 0,
        _reserved3 = 0,
        metric_data_format = 0,
        number_of_long_horizontal_metrics = 1,
    },
]
4576 = [
    {
        h_metrics = [],
    },
]
4780 = [
    {
        version = 20480,
        num_glyphs = 100,
    },
]
4788 = [
    {
        table_start = 4788,
        version = 0,
        name_count = 6,
        storage_offset = 78,
    },
]
4996 = [
    {},
]
'''
stderr = ''
